MPLINK 5.00, LINKER
Linker Map File - Created Mon Jun 19 14:40:34 2017

                                 Section Info
                  Section       Type    Address   Location Size(Bytes)
                ---------  ---------  ---------  ---------  ---------
               _entry_scn       code   0x000000    program   0x000006
           .code___init.o       code   0x000006    program   0x000002
        high_priority_int       code   0x000008    program   0x000006
   .romdata_Synthesizer.o    romdata   0x00000e    program   0x000000
         .romdata_Power.o    romdata   0x00000e    program   0x000000
      .romdata_Extender.o    romdata   0x00000e    program   0x000000
 .romdata_Potentiometer.o    romdata   0x00000e    program   0x000000
           .romdata_ADC.o    romdata   0x00000e    program   0x000000
          .romdata_UART.o    romdata   0x00000e    program   0x000000
          .idata_UART.o_i    romdata   0x00000e    program   0x000001
    .romdata_Pseudo_SPI.o    romdata   0x00000e    program   0x000000
         .romdata_timer.o    romdata   0x00000e    program   0x000000
         .idata_timer.o_i    romdata   0x00000e    program   0x000000
           .romdata_Int.o    romdata   0x00000e    program   0x000000
           .romdata_DDS.o    romdata   0x00000e    program   0x000000
         .romdata_Delay.o    romdata   0x00000e    program   0x000000
       .idata_c018i_e.o_i    romdata   0x00000e    program   0x000000
           .romdata_SPI.o    romdata   0x00000e    program   0x000000
       .romdata_c018i_e.o    romdata   0x00000e    program   0x000000
.romdata_TEC_Digital_Potentiometer.o    romdata   0x00000e    program   0x000000
        .romdata_InitIO.o    romdata   0x00000e    program   0x000000
        .romdata___init.o    romdata   0x00000e    program   0x000000
        .idata___init.o_i    romdata   0x00000e    program   0x000000
          .romdata_main.o    romdata   0x00000e    program   0x000000
   .idata_Synthesizer.o_i    romdata   0x00000f    program   0x000000
         .idata_Power.o_i    romdata   0x00000f    program   0x000000
 .idata_Potentiometer.o_i    romdata   0x00000f    program   0x000000
      .idata_Extender.o_i    romdata   0x00000f    program   0x000000
    .idata_Pseudo_SPI.o_i    romdata   0x00000f    program   0x000000
        .idata_InitIO.o_i    romdata   0x00000f    program   0x000000
           .idata_DDS.o_i    romdata   0x00000f    program   0x000001
           .idata_Int.o_i    romdata   0x00000f    program   0x000000
           .idata_SPI.o_i    romdata   0x00000f    program   0x000000
         .idata_Delay.o_i    romdata   0x00000f    program   0x000000
.idata_TEC_Digital_Potentiometer.o_i    romdata   0x00000f    program   0x000000
           .idata_ADC.o_i    romdata   0x000010    program   0x000003
          .code_c018i_e.o       code   0x000014    program   0x000000
         low_priority_int       code   0x000018    program   0x000006
                   .cinit    romdata   0x00001e    program   0x000032
             .code_main.o       code   0x000050    program   0x002f14
              .code_DDS.o       code   0x002f64    program   0x000fe4
                     PROG       code   0x003f48    program   0x000978
         .code_Extender.o       code   0x0048c0    program   0x000838
              .code_ADC.o       code   0x0050f8    program   0x0007c6
            .code_Power.o       code   0x0058be    program   0x0007a8
    .code_Potentiometer.o       code   0x006066    program   0x00052a
      .code_Synthesizer.o       code   0x006590    program   0x000370
              .code_SPI.o       code   0x006900    program   0x00027e
.code_TEC_Digital_Potentiometer.o       code   0x006b7e    program   0x000242
           .code_InitIO.o       code   0x006dc0    program   0x000212
       .code_Pseudo_SPI.o       code   0x006fd2    program   0x000194
             .code_UART.o       code   0x007166    program   0x00010e
            .code_Delay.o       code   0x007274    program   0x0000c8
               _cinit_scn       code   0x00733c    program   0x00009e
            .code_timer.o       code   0x0073da    program   0x00004e
             D10KTCYXCODE       code   0x007428    program   0x000036
              D1KTCYXCODE       code   0x00745e    program   0x000020
             D100TCYXCODE       code   0x00747e    program   0x000020
                    .code       code   0x00749e    program   0x000020
             _startup_scn       code   0x0074be    program   0x00001a
              D10TCYXCODE       code   0x0074d8    program   0x000016
              .code_Int.o       code   0x0074ee    program   0x000016
          .idata_main.o_i    romdata   0x007504    program   0x0000b1
                   .stack      udata   0x000c00       data   0x000100
            .idata_main.o      idata   0x000d00       data   0x0000b1
         .udata_c018i_e.o      udata   0x000db1       data   0x00000a
high_priority_interrupt_tmp      udata   0x000dbb       data   0x000006
                 .tmpdata      udata   0x000dc1       data   0x000006
                MATH_DATA      udata   0x000dc7       data   0x000004
             .idata_ADC.o      idata   0x000dcb       data   0x000003
                DELAYDAT2      udata   0x000dce       data   0x000001
                DELAYDAT1      udata   0x000dcf       data   0x000001
            .idata_UART.o      idata   0x000dd0       data   0x000001
             .idata_DDS.o      idata   0x000dd1       data   0x000001
           .idata_Power.o      idata   0x000dd2       data   0x000000
     .udata_Synthesizer.o      udata   0x000dd2       data   0x000000
     .idata_Synthesizer.o      idata   0x000dd2       data   0x000000
   .udata_Potentiometer.o      udata   0x000dd2       data   0x000000
   .idata_Potentiometer.o      idata   0x000dd2       data   0x000000
      .udata_Pseudo_SPI.o      udata   0x000dd2       data   0x000000
      .idata_Pseudo_SPI.o      idata   0x000dd2       data   0x000000
             .udata_DDS.o      udata   0x000dd2       data   0x000000
.udata_TEC_Digital_Potentiometer.o      udata   0x000dd2       data   0x000000
.idata_TEC_Digital_Potentiometer.o      idata   0x000dd2       data   0x000000
          .udata___init.o      udata   0x000dd2       data   0x000000
          .idata___init.o      idata   0x000dd2       data   0x000000
            .udata_main.o      udata   0x000dd2       data   0x000000
         .idata_c018i_e.o      idata   0x000dd2       data   0x000000
          .udata_InitIO.o      udata   0x000dd2       data   0x000000
          .idata_InitIO.o      idata   0x000dd2       data   0x000000
             .udata_SPI.o      udata   0x000dd2       data   0x000000
             .idata_SPI.o      idata   0x000dd2       data   0x000000
           .udata_Delay.o      udata   0x000dd2       data   0x000000
           .idata_Delay.o      idata   0x000dd2       data   0x000000
             .udata_Int.o      udata   0x000dd2       data   0x000000
             .idata_Int.o      idata   0x000dd2       data   0x000000
           .udata_timer.o      udata   0x000dd2       data   0x000000
           .idata_timer.o      idata   0x000dd2       data   0x000000
            .udata_UART.o      udata   0x000dd2       data   0x000000
             .udata_ADC.o      udata   0x000dd2       data   0x000000
        .udata_Extender.o      udata   0x000dd2       data   0x000000
        .idata_Extender.o      idata   0x000dd2       data   0x000000
           .udata_Power.o      udata   0x000dd2       data   0x000000
              SFR_BANKED0      udata   0x000dff       data   0x000001
              SFR_BANKED1      udata   0x000e00       data   0x000100
              SFR_BANKED2      udata   0x000f00       data   0x000060
            SFR_UNBANKED0      udata   0x000f60       data   0x0000a0



                              Program Memory Usage 
                               Start         End      
                           ---------   ---------      
                            0x000000    0x000012      
                            0x000018    0x0075b4      
            30128 out of 131074 program addresses used, program memory utilization is 22%



                              Symbols - Sorted by Name
                     Name    Address   Location    Storage File                     
                ---------  ---------  ---------  --------- ---------                
    A2D_Automatic_Convert   0x005830    program     extern D:\Backup\Transfer to PC\Be-Shape\Firmware\Sources\ADC.c
       A2D_Manual_Convert   0x0053e0    program     extern D:\Backup\Transfer to PC\Be-Shape\Firmware\Sources\ADC.c
           A2D_Value_Read   0x0055f8    program     extern D:\Backup\Transfer to PC\Be-Shape\Firmware\Sources\ADC.c
Clear_Headers_From_The_Word   0x00154e    program     extern D:\Backup\Transfer to PC\Be-Shape\Firmware\Sources\main.c
                   D100_1   0x007490    program     static E:\3.46\pic18-lt\cxx-framework\src\extended\delays\d100tcyx.asm
                    D100x   0x00748e    program     static E:\3.46\pic18-lt\cxx-framework\src\extended\delays\d100tcyx.asm
                   D10K_1   0x007438    program     static E:\3.46\pic18-lt\cxx-framework\src\extended\delays\d10ktcyx.asm
                    D10Kl   0x007446    program     static E:\3.46\pic18-lt\cxx-framework\src\extended\delays\d10ktcyx.asm
                    D10Kx   0x007434    program     static E:\3.46\pic18-lt\cxx-framework\src\extended\delays\d10ktcyx.asm
                    D10_1   0x0074e8    program     static E:\3.46\pic18-lt\cxx-framework\src\extended\delays\d10tcyx.asm
                     D10x   0x0074e0    program     static E:\3.46\pic18-lt\cxx-framework\src\extended\delays\d10tcyx.asm
                    D1K_1   0x00746c    program     static E:\3.46\pic18-lt\cxx-framework\src\extended\delays\d1ktcyx.asm
                     D1Kx   0x00746a    program     static E:\3.46\pic18-lt\cxx-framework\src\extended\delays\d1ktcyx.asm
                   D3232S   0x0042d4    program     static E:\3.46\pic18-lt\cxx-framework\src\extended\math\div32s.asm
                D3232SNEG   0x0042e2    program     static E:\3.46\pic18-lt\cxx-framework\src\extended\math\div32s.asm
                 D3232SOK   0x0042de    program     static E:\3.46\pic18-lt\cxx-framework\src\extended\math\div32s.asm
                D3232SPOS   0x004300    program     static E:\3.46\pic18-lt\cxx-framework\src\extended\math\div32s.asm
                  D3232SX   0x004336    program     static E:\3.46\pic18-lt\cxx-framework\src\extended\math\div32s.asm
                  DA3232S   0x0042be    program     static E:\3.46\pic18-lt\cxx-framework\src\extended\math\div32s.asm
            DDS_Power_Off   0x005fb2    program     extern D:\Backup\Transfer to PC\Be-Shape\Firmware\Sources\Power.c
             DDS_Power_On   0x005f8c    program     extern D:\Backup\Transfer to PC\Be-Shape\Firmware\Sources\Power.c
             Delay100TCYx   0x00747e    program     extern E:\3.46\pic18-lt\cxx-framework\src\extended\delays\d100tcyx.asm
             Delay10KTCYx   0x007428    program     extern E:\3.46\pic18-lt\cxx-framework\src\extended\delays\d10ktcyx.asm
              Delay10TCYx   0x0074d8    program     extern E:\3.46\pic18-lt\cxx-framework\src\extended\delays\d10tcyx.asm
              Delay1KTCYx   0x00745e    program     extern E:\3.46\pic18-lt\cxx-framework\src\extended\delays\d1ktcyx.asm
            Delay_0_625US   0x007274    program     extern D:\Backup\Transfer to PC\Be-Shape\Firmware\Sources\Delay.c
              Delay_625US   0x00730a    program     extern D:\Backup\Transfer to PC\Be-Shape\Firmware\Sources\Delay.c
             Delay_62_5US   0x0072d8    program     extern D:\Backup\Transfer to PC\Be-Shape\Firmware\Sources\Delay.c
             Delay_6_25US   0x0072a6    program     extern D:\Backup\Transfer to PC\Be-Shape\Firmware\Sources\Delay.c
Digital_Potentiometer_Init   0x00651c    program     extern D:\Backup\Transfer to PC\Be-Shape\Firmware\Sources\Potentiometer.c
    Domains_Power_Control   0x0058be    program     extern D:\Backup\Transfer to PC\Be-Shape\Firmware\Sources\Power.c
            Extender_Init   0x004bb8    program     extern D:\Backup\Transfer to PC\Be-Shape\Firmware\Sources\Extender.c
 Extender_Interrupt_Clear   0x004af6    program     extern D:\Backup\Transfer to PC\Be-Shape\Firmware\Sources\Extender.c
      Frequency_Value_Set   0x002f64    program     extern D:\Backup\Transfer to PC\Be-Shape\Firmware\Sources\DDS.c
      Get_Amplitude_Value   0x0034d4    program     extern D:\Backup\Transfer to PC\Be-Shape\Firmware\Sources\DDS.c
                     Init   0x0003dc    program     extern D:\Backup\Transfer to PC\Be-Shape\Firmware\Sources\main.c
                   InitIO   0x006dc0    program     extern D:\Backup\Transfer to PC\Be-Shape\Firmware\Sources\InitIO.C
           InitSPI1Master   0x006900    program     extern D:\Backup\Transfer to PC\Be-Shape\Firmware\Sources\SPI.c
            InitSPI1Slave   0x006918    program     extern D:\Backup\Transfer to PC\Be-Shape\Firmware\Sources\SPI.c
        InitTimer0INTMode   0x0073da    program     extern D:\Backup\Transfer to PC\Be-Shape\Firmware\Sources\timer.c
        InitTimer1INTMode   0x0073e4    program     extern D:\Backup\Transfer to PC\Be-Shape\Firmware\Sources\timer.c
        InitTimer2INTMode   0x0073ee    program     extern D:\Backup\Transfer to PC\Be-Shape\Firmware\Sources\timer.c
        InitTimer3INTMode   0x007400    program     extern D:\Backup\Transfer to PC\Be-Shape\Firmware\Sources\timer.c
        InitTimer4INTMode   0x007416    program     extern D:\Backup\Transfer to PC\Be-Shape\Firmware\Sources\timer.c
                 Init_ADC   0x0050f8    program     extern D:\Backup\Transfer to PC\Be-Shape\Firmware\Sources\ADC.c
          Init_Interrupts   0x0074ee    program     extern D:\Backup\Transfer to PC\Be-Shape\Firmware\Sources\Int.c
                Init_UART   0x007166    program     extern D:\Backup\Transfer to PC\Be-Shape\Firmware\Sources\UART.c
  Interrupt_Signal_Strobe   0x000476    program     extern D:\Backup\Transfer to PC\Be-Shape\Firmware\Sources\main.c
Interrupt_Triggered_Device   0x004b38    program     extern D:\Backup\Transfer to PC\Be-Shape\Firmware\Sources\Extender.c
Load_Input_Register_To_RDAC   0x0063e8    program     extern D:\Backup\Transfer to PC\Be-Shape\Firmware\Sources\Potentiometer.c
               MSB_To_LSB   0x007024    program     extern D:\Backup\Transfer to PC\Be-Shape\Firmware\Sources\Pseudo_SPI.c
 Output_Amplitude_Measure   0x0035f2    program     extern D:\Backup\Transfer to PC\Be-Shape\Firmware\Sources\DDS.c
 Output_Frequency_Measure   0x003110    program     extern D:\Backup\Transfer to PC\Be-Shape\Firmware\Sources\DDS.c
           PC_Word_Parser   0x0006c4    program     extern D:\Backup\Transfer to PC\Be-Shape\Firmware\Sources\main.c
       Powerup_Domains_On   0x006030    program     extern D:\Backup\Transfer to PC\Be-Shape\Firmware\Sources\Power.c
        Pseudo_SCK_Strobe   0x006fd2    program     extern D:\Backup\Transfer to PC\Be-Shape\Firmware\Sources\Pseudo_SPI.c
         Pulser_Power_Off   0x005f6c    program     extern D:\Backup\Transfer to PC\Be-Shape\Firmware\Sources\Power.c
          Pulser_Power_On   0x005f52    program     extern D:\Backup\Transfer to PC\Be-Shape\Firmware\Sources\Power.c
                  RESTORE   0x0048b2    program     static E:\3.46\pic18-lt\cxx-framework\src\extended\math\div32u.asm
                  RESTORE   0x004328    program     static E:\3.46\pic18-lt\cxx-framework\src\extended\math\div32s.asm
              RETQUOTIENT   0x0048a2    program     static E:\3.46\pic18-lt\cxx-framework\src\extended\math\div32u.asm
              RETQUOTIENT   0x004318    program     static E:\3.46\pic18-lt\cxx-framework\src\extended\math\div32s.asm
       Read_From_Extender   0x0049d6    program     extern D:\Backup\Transfer to PC\Be-Shape\Firmware\Sources\Extender.c
 Read_From_Input_Register   0x00625e    program     extern D:\Backup\Transfer to PC\Be-Shape\Firmware\Sources\Potentiometer.c
             Read_From_PC   0x007204    program     extern D:\Backup\Transfer to PC\Be-Shape\Firmware\Sources\UART.c
           Read_From_RDAC   0x0061a0    program     extern D:\Backup\Transfer to PC\Be-Shape\Firmware\Sources\Potentiometer.c
            Read_From_SPI   0x006930    program     extern D:\Backup\Transfer to PC\Be-Shape\Firmware\Sources\SPI.c
                  SETSIGN   0x0042a4    program     static E:\3.46\pic18-lt\cxx-framework\src\extended\math\div32s.asm
                 SETUPSTK   0x00481c    program     static E:\3.46\pic18-lt\cxx-framework\src\extended\math\div32u.asm
                 SETUPSTK   0x004284    program     static E:\3.46\pic18-lt\cxx-framework\src\extended\math\div32s.asm
          Send_Error_Word   0x0004dc    program     extern D:\Backup\Transfer to PC\Be-Shape\Firmware\Sources\main.c
     Send_SPI_Transaction   0x007098    program     extern D:\Backup\Transfer to PC\Be-Shape\Firmware\Sources\Pseudo_SPI.c
     Send_TEC_Transaction   0x006c24    program     extern D:\Backup\Transfer to PC\Be-Shape\Firmware\Sources\TEC_Digital_Potentiometer.c
             Set_A2D_Mode   0x005376    program     extern D:\Backup\Transfer to PC\Be-Shape\Firmware\Sources\ADC.c
       Software_Reset_Run   0x0064ba    program     extern D:\Backup\Transfer to PC\Be-Shape\Firmware\Sources\Potentiometer.c
 Swing_Compensation_Table   0x002fee    program     extern D:\Backup\Transfer to PC\Be-Shape\Firmware\Sources\DDS.c
Synthesizer_Apply_Changes   0x0065c4    program     extern D:\Backup\Transfer to PC\Be-Shape\Firmware\Sources\Synthesizer.c
   Synthesizer_Bit_Strobe   0x006590    program     extern D:\Backup\Transfer to PC\Be-Shape\Firmware\Sources\Synthesizer.c
Synthesizer_Control_Write   0x0065f6    program     extern D:\Backup\Transfer to PC\Be-Shape\Firmware\Sources\Synthesizer.c
  Synthesizer_Device_Init   0x00680e    program     extern D:\Backup\Transfer to PC\Be-Shape\Firmware\Sources\Synthesizer.c
        System_Power_Init   0x005fd2    program     extern D:\Backup\Transfer to PC\Be-Shape\Firmware\Sources\Power.c
           TEC_Power_Init   0x006db4    program     extern D:\Backup\Transfer to PC\Be-Shape\Firmware\Sources\TEC_Digital_Potentiometer.c
            TEC_Power_Set   0x006cc4    program     extern D:\Backup\Transfer to PC\Be-Shape\Firmware\Sources\TEC_Digital_Potentiometer.c
           TEC_SCK_Strobe   0x006c06    program     extern D:\Backup\Transfer to PC\Be-Shape\Firmware\Sources\TEC_Digital_Potentiometer.c
     TEC_Value_MSB_To_LSB   0x006b7e    program     extern D:\Backup\Transfer to PC\Be-Shape\Firmware\Sources\TEC_Digital_Potentiometer.c
          Transmitt_To_PC   0x001364    program     extern D:\Backup\Transfer to PC\Be-Shape\Firmware\Sources\main.c
    Update_Wiper_Position   0x00644a    program     extern D:\Backup\Transfer to PC\Be-Shape\Firmware\Sources\Potentiometer.c
Validate_Amplitude_Setting   0x003c1c    program     extern D:\Backup\Transfer to PC\Be-Shape\Firmware\Sources\DDS.c
Validate_Frequency_Setting   0x00330a    program     extern D:\Backup\Transfer to PC\Be-Shape\Firmware\Sources\DDS.c
 Validate_Voltage_Domains   0x001594    program     extern D:\Backup\Transfer to PC\Be-Shape\Firmware\Sources\main.c
      Voltage_Domain_Read   0x001db8    program     extern D:\Backup\Transfer to PC\Be-Shape\Firmware\Sources\main.c
  Voltage_Domain_Validate   0x001d54    program     extern D:\Backup\Transfer to PC\Be-Shape\Firmware\Sources\main.c
      Wait_For_Completion   0x00532e    program     extern D:\Backup\Transfer to PC\Be-Shape\Firmware\Sources\ADC.c
          Wiper_Step_Down   0x006386    program     extern D:\Backup\Transfer to PC\Be-Shape\Firmware\Sources\Potentiometer.c
            Wiper_Step_Up   0x006322    program     extern D:\Backup\Transfer to PC\Be-Shape\Firmware\Sources\Potentiometer.c
             Word_To_Byte   0x001332    program     extern D:\Backup\Transfer to PC\Be-Shape\Firmware\Sources\main.c
        Write_To_Extender   0x0048c0    program     extern D:\Backup\Transfer to PC\Be-Shape\Firmware\Sources\Extender.c
  Write_To_Input_Register   0x006100    program     extern D:\Backup\Transfer to PC\Be-Shape\Firmware\Sources\Potentiometer.c
              Write_To_PC   0x0071b2    program     extern D:\Backup\Transfer to PC\Be-Shape\Firmware\Sources\UART.c
            Write_To_RDAC   0x006066    program     extern D:\Backup\Transfer to PC\Be-Shape\Firmware\Sources\Potentiometer.c
             Write_To_SPI   0x006986    program     extern D:\Backup\Transfer to PC\Be-Shape\Firmware\Sources\SPI.c
       _D100TCYXCODE_000A   0x007488    program     static E:\3.46\pic18-lt\cxx-framework\src\extended\delays\d100tcyx.asm
       _D100TCYXCODE_000C   0x00748a    program     static E:\3.46\pic18-lt\cxx-framework\src\extended\delays\d100tcyx.asm
       _D100TCYXCODE_0016   0x007494    program     static E:\3.46\pic18-lt\cxx-framework\src\extended\delays\d100tcyx.asm
       _D100TCYXCODE_001C   0x00749a    program     static E:\3.46\pic18-lt\cxx-framework\src\extended\delays\d100tcyx.asm
       _D10KTCYXCODE_0014   0x00743c    program     static E:\3.46\pic18-lt\cxx-framework\src\extended\delays\d10ktcyx.asm
       _D10KTCYXCODE_0022   0x00744a    program     static E:\3.46\pic18-lt\cxx-framework\src\extended\delays\d10ktcyx.asm
        _D10TCYXCODE_000A   0x0074e2    program     static E:\3.46\pic18-lt\cxx-framework\src\extended\delays\d10tcyx.asm
        _D10TCYXCODE_000C   0x0074e4    program     static E:\3.46\pic18-lt\cxx-framework\src\extended\delays\d10tcyx.asm
        _D10TCYXCODE_000E   0x0074e6    program     static E:\3.46\pic18-lt\cxx-framework\src\extended\delays\d10tcyx.asm
        _D1KTCYXCODE_0012   0x007470    program     static E:\3.46\pic18-lt\cxx-framework\src\extended\delays\d1ktcyx.asm
        _D1KTCYXCODE_0018   0x007476    program     static E:\3.46\pic18-lt\cxx-framework\src\extended\delays\d1ktcyx.asm
              __FpCompare   0x00440c    program     extern E:\3.46\pic18-lt\cxx-framework\src\extended\math\compFP.asm
                 __FpPack   0x003f8a    program     extern E:\3.46\pic18-lt\cxx-framework\src\extended\math\packFP.asm
            __FpReturnNaN   0x00400c    program     extern E:\3.46\pic18-lt\cxx-framework\src\extended\math\packFP.asm
         __FpReturnNegInf   0x00401e    program     extern E:\3.46\pic18-lt\cxx-framework\src\extended\math\packFP.asm
        __FpReturnNegZero   0x004036    program     extern E:\3.46\pic18-lt\cxx-framework\src\extended\math\packFP.asm
         __FpReturnPosInf   0x004024    program     extern E:\3.46\pic18-lt\cxx-framework\src\extended\math\packFP.asm
        __FpReturnPosZero   0x00403e    program     extern E:\3.46\pic18-lt\cxx-framework\src\extended\math\packFP.asm
        __FpReturnSignInf   0x00401a    program     extern E:\3.46\pic18-lt\cxx-framework\src\extended\math\packFP.asm
       __FpReturnSignZero   0x004032    program     extern E:\3.46\pic18-lt\cxx-framework\src\extended\math\packFP.asm
              __FpReturnW   0x003fe2    program     extern E:\3.46\pic18-lt\cxx-framework\src\extended\math\packFP.asm
              __FpUnPackA   0x004104    program     extern E:\3.46\pic18-lt\cxx-framework\src\extended\math\unpackFP.asm
              __FpUnPackB   0x004134    program     extern E:\3.46\pic18-lt\cxx-framework\src\extended\math\unpackFP.asm
       ___return_lbl00000   0x000004    program     static                          
       ___return_lbl00001   0x0074d6    program     static                          
       ___return_lbl00002   0x0073d8    program     static                          
       ___return_lbl00033   0x00001c    program     static                          
       ___return_lbl00034   0x00000c    program     static                          
                  __addFP   0x0046d6    program     extern E:\3.46\pic18-lt\cxx-framework\src\extended\math\addFP.asm
              __cast16sFP   0x003f4c    program     extern E:\3.46\pic18-lt\cxx-framework\src\extended\math\cast16FP.asm
              __cast16uFP   0x003f48    program     extern E:\3.46\pic18-lt\cxx-framework\src\extended\math\cast16FP.asm
              __cast32sFP   0x004048    program     extern E:\3.46\pic18-lt\cxx-framework\src\extended\math\cast32FP.asm
              __cast32uFP   0x004044    program     extern E:\3.46\pic18-lt\cxx-framework\src\extended\math\cast32FP.asm
               __castFP08   0x004092    program     extern E:\3.46\pic18-lt\cxx-framework\src\extended\math\castFP08.asm
               __castFP16   0x004160    program     extern E:\3.46\pic18-lt\cxx-framework\src\extended\math\castFP16.asm
               __castFP32   0x0041e6    program     extern E:\3.46\pic18-lt\cxx-framework\src\extended\math\castFP32.asm
                 __div32s   0x00429c    program     extern E:\3.46\pic18-lt\cxx-framework\src\extended\math\div32s.asm
                 __div32u   0x004834    program     extern E:\3.46\pic18-lt\cxx-framework\src\extended\math\div32u.asm
                  __divFP   0x004340    program     extern E:\3.46\pic18-lt\cxx-framework\src\extended\math\divFP.asm
                   __init   0x000006    program     extern E:\3.46\pic18-lt\cxx-framework\src\extended\stdclib\__init.c
                   __ltFP   0x0043fa    program     extern E:\3.46\pic18-lt\cxx-framework\src\extended\math\ltFP.asm
                 __mod32s   0x0042a2    program     extern E:\3.46\pic18-lt\cxx-framework\src\extended\math\div32s.asm
                 __mod32u   0x00483a    program     extern E:\3.46\pic18-lt\cxx-framework\src\extended\math\div32u.asm
                  __mul16   0x0044da    program     extern E:\3.46\pic18-lt\cxx-framework\src\extended\math\mul16.asm
                  __mul32   0x004542    program     extern E:\3.46\pic18-lt\cxx-framework\src\extended\math\mul32.asm
                  __mulFP   0x0045e4    program     extern E:\3.46\pic18-lt\cxx-framework\src\extended\math\mulFP.asm
                  __subFP   0x0046d2    program     extern E:\3.46\pic18-lt\cxx-framework\src\extended\math\addFP.asm
             __tmplbl_167   0x00132a    program     static                          
             __tmplbl_168   0x00132a    program     static                          
             __tmplbl_169   0x00132a    program     static                          
             __tmplbl_170   0x00132a    program     static                          
             __tmplbl_171   0x00132a    program     static                          
             __tmplbl_172   0x00132a    program     static                          
             __tmplbl_184   0x00132a    program     static                          
             __tmplbl_231   0x001eea    program     static                          
            __zero_memory   0x00749e    program     extern E:\3.46\pic18-lt\cxx-framework\src\extended\proc\p18f97j94.asm
                _do_cinit   0x00733c    program     extern E:\3.46\pic18-lt\cxx-framework\src\extended\startup\c018i_e.c
            _early32uexit   0x00483e    program     extern E:\3.46\pic18-lt\cxx-framework\src\extended\math\div32u.asm
                   _entry   0x000000    program     extern E:\3.46\pic18-lt\cxx-framework\src\extended\startup\c018i_e.c
                   _false   0x004882    program     static E:\3.46\pic18-lt\cxx-framework\src\extended\math\div32u.asm
                 _startup   0x0074be    program     extern E:\3.46\pic18-lt\cxx-framework\src\extended\startup\c018i_e.c
                compare_l   0x0074b4    program     static E:\3.46\pic18-lt\cxx-framework\src\extended\proc\p18f97j94.asm
                copy_loop   0x0073ae    program     static                          
            copy_one_byte   0x0073b4    program     static                          
                divmod32u   0x004840    program     static E:\3.46\pic18-lt\cxx-framework\src\extended\math\div32u.asm
                     done   0x0073d8    program     static                          
             done_copying   0x0073c2    program     static                          
  high_priority_interrupt   0x000050    program     extern D:\Backup\Transfer to PC\Be-Shape\Firmware\Sources\main.c
              high_vector   0x000008    program     extern D:\Backup\Transfer to PC\Be-Shape\Firmware\Sources\main.c
                 jANotInf   0x004718    program     static E:\3.46\pic18-lt\cxx-framework\src\extended\math\addFP.asm
                 jANotInf   0x004616    program     static E:\3.46\pic18-lt\cxx-framework\src\extended\math\mulFP.asm
                 jANotNeg   0x0047ac    program     static E:\3.46\pic18-lt\cxx-framework\src\extended\math\addFP.asm
              jAandWsetup   0x00477c    program     static E:\3.46\pic18-lt\cxx-framework\src\extended\math\addFP.asm
                  jAisNeg   0x00449c    program     static E:\3.46\pic18-lt\cxx-framework\src\extended\math\compFP.asm
                 jAltBexp   0x00476a    program     static E:\3.46\pic18-lt\cxx-framework\src\extended\math\addFP.asm
                jBANotInf   0x00470e    program     static E:\3.46\pic18-lt\cxx-framework\src\extended\math\addFP.asm
                 jBNotInf   0x004726    program     static E:\3.46\pic18-lt\cxx-framework\src\extended\math\addFP.asm
                     jBeg   0x0046d8    program     static E:\3.46\pic18-lt\cxx-framework\src\extended\math\addFP.asm
                     jBeg   0x00404a    program     static E:\3.46\pic18-lt\cxx-framework\src\extended\math\cast32FP.asm
                     jBeg   0x003f4e    program     static E:\3.46\pic18-lt\cxx-framework\src\extended\math\cast16FP.asm
              jBothFinite   0x004624    program     static E:\3.46\pic18-lt\cxx-framework\src\extended\math\mulFP.asm
             jBothNotZero   0x00443e    program     static E:\3.46\pic18-lt\cxx-framework\src\extended\math\compFP.asm
             jBothNotZero   0x004630    program     static E:\3.46\pic18-lt\cxx-framework\src\extended\math\mulFP.asm
            jDifOrPosSign   0x00473a    program     static E:\3.46\pic18-lt\cxx-framework\src\extended\math\addFP.asm
              jDivANotInf   0x004372    program     static E:\3.46\pic18-lt\cxx-framework\src\extended\math\divFP.asm
             jDivANotZero   0x004386    program     static E:\3.46\pic18-lt\cxx-framework\src\extended\math\divFP.asm
                 jDivLoop   0x0043ae    program     static E:\3.46\pic18-lt\cxx-framework\src\extended\math\divFP.asm
                 jDivNext   0x0043d4    program     static E:\3.46\pic18-lt\cxx-framework\src\extended\math\divFP.asm
                    jDone   0x004266    program     static E:\3.46\pic18-lt\cxx-framework\src\extended\math\castFP32.asm
                    jDone   0x0040f2    program     static E:\3.46\pic18-lt\cxx-framework\src\extended\math\castFP08.asm
                    jDone   0x0041d0    program     static E:\3.46\pic18-lt\cxx-framework\src\extended\math\castFP16.asm
                      jEQ   0x00445a    program     static E:\3.46\pic18-lt\cxx-framework\src\extended\math\compFP.asm
                    jExch   0x004466    program     static E:\3.46\pic18-lt\cxx-framework\src\extended\math\compFP.asm
                    jExit   0x0040f6    program     static E:\3.46\pic18-lt\cxx-framework\src\extended\math\castFP08.asm
                    jExit   0x004276    program     static E:\3.46\pic18-lt\cxx-framework\src\extended\math\castFP32.asm
                    jExit   0x003ffe    program     static E:\3.46\pic18-lt\cxx-framework\src\extended\math\packFP.asm
                    jExit   0x0044ca    program     static E:\3.46\pic18-lt\cxx-framework\src\extended\math\compFP.asm
                    jExit   0x0041d8    program     static E:\3.46\pic18-lt\cxx-framework\src\extended\math\castFP16.asm
                   jExpEQ   0x0044ac    program     static E:\3.46\pic18-lt\cxx-framework\src\extended\math\compFP.asm
                   jFinal   0x004490    program     static E:\3.46\pic18-lt\cxx-framework\src\extended\math\compFP.asm
               jFinalSign   0x004814    program     static E:\3.46\pic18-lt\cxx-framework\src\extended\math\addFP.asm
                jHaveZero   0x00462c    program     static E:\3.46\pic18-lt\cxx-framework\src\extended\math\mulFP.asm
                    jLoop   0x00423a    program     static E:\3.46\pic18-lt\cxx-framework\src\extended\math\castFP32.asm
                    jLoop   0x0041b0    program     static E:\3.46\pic18-lt\cxx-framework\src\extended\math\castFP16.asm
                    jLoop   0x0040da    program     static E:\3.46\pic18-lt\cxx-framework\src\extended\math\castFP08.asm
                jLoopExit   0x00424e    program     static E:\3.46\pic18-lt\cxx-framework\src\extended\math\castFP32.asm
                jLoopExit   0x0040e8    program     static E:\3.46\pic18-lt\cxx-framework\src\extended\math\castFP08.asm
                jLoopExit   0x0041c0    program     static E:\3.46\pic18-lt\cxx-framework\src\extended\math\castFP16.asm
                     jMax   0x004184    program     static E:\3.46\pic18-lt\cxx-framework\src\extended\math\castFP16.asm
                     jMax   0x00420a    program     static E:\3.46\pic18-lt\cxx-framework\src\extended\math\castFP32.asm
                     jMax   0x0040b6    program     static E:\3.46\pic18-lt\cxx-framework\src\extended\math\castFP08.asm
                  jMaxNeg   0x0040c0    program     static E:\3.46\pic18-lt\cxx-framework\src\extended\math\castFP08.asm
                  jMaxNeg   0x004192    program     static E:\3.46\pic18-lt\cxx-framework\src\extended\math\castFP16.asm
                  jMaxNeg   0x00421c    program     static E:\3.46\pic18-lt\cxx-framework\src\extended\math\castFP32.asm
                  jMaxPos   0x0040ba    program     static E:\3.46\pic18-lt\cxx-framework\src\extended\math\castFP08.asm
                  jMaxPos   0x004188    program     static E:\3.46\pic18-lt\cxx-framework\src\extended\math\castFP16.asm
                  jMaxPos   0x00420e    program     static E:\3.46\pic18-lt\cxx-framework\src\extended\math\castFP32.asm
                      jNE   0x00445e    program     static E:\3.46\pic18-lt\cxx-framework\src\extended\math\compFP.asm
                jNoAdjust   0x0043d2    program     static E:\3.46\pic18-lt\cxx-framework\src\extended\math\divFP.asm
                  jNoExch   0x004486    program     static E:\3.46\pic18-lt\cxx-framework\src\extended\math\compFP.asm
             jNotBothZero   0x00473e    program     static E:\3.46\pic18-lt\cxx-framework\src\extended\math\addFP.asm
                  jNotInf   0x0040ca    program     static E:\3.46\pic18-lt\cxx-framework\src\extended\math\castFP08.asm
                  jNotInf   0x0041a0    program     static E:\3.46\pic18-lt\cxx-framework\src\extended\math\castFP16.asm
                  jNotInf   0x004228    program     static E:\3.46\pic18-lt\cxx-framework\src\extended\math\castFP32.asm
                  jNotNeg   0x004078    program     static E:\3.46\pic18-lt\cxx-framework\src\extended\math\cast32FP.asm
                  jNotNeg   0x003f74    program     static E:\3.46\pic18-lt\cxx-framework\src\extended\math\cast16FP.asm
                  jPkLoop   0x003f98    program     static E:\3.46\pic18-lt\cxx-framework\src\extended\math\packFP.asm
             jPkRoundDone   0x003fe2    program     static E:\3.46\pic18-lt\cxx-framework\src\extended\math\packFP.asm
               jPkRoundIt   0x003fca    program     static E:\3.46\pic18-lt\cxx-framework\src\extended\math\packFP.asm
             jPkShiftDone   0x003fb4    program     static E:\3.46\pic18-lt\cxx-framework\src\extended\math\packFP.asm
           jReturnPosInf0   0x004028    program     static E:\3.46\pic18-lt\cxx-framework\src\extended\math\packFP.asm
                  jRotate   0x0044b8    program     static E:\3.46\pic18-lt\cxx-framework\src\extended\math\compFP.asm
                   jShift   0x0044a2    program     static E:\3.46\pic18-lt\cxx-framework\src\extended\math\compFP.asm
               jShiftDone   0x0047d4    program     static E:\3.46\pic18-lt\cxx-framework\src\extended\math\addFP.asm
               jShiftLoop   0x0047c6    program     static E:\3.46\pic18-lt\cxx-framework\src\extended\math\addFP.asm
                jSignDone   0x004804    program     static E:\3.46\pic18-lt\cxx-framework\src\extended\math\addFP.asm
                 jSignsEQ   0x004442    program     static E:\3.46\pic18-lt\cxx-framework\src\extended\math\compFP.asm
                  jUnpkA1   0x00410e    program     static E:\3.46\pic18-lt\cxx-framework\src\extended\math\unpackFP.asm
                  jUnpkA2   0x004126    program     static E:\3.46\pic18-lt\cxx-framework\src\extended\math\unpackFP.asm
                 jUnpkANZ   0x00411c    program     static E:\3.46\pic18-lt\cxx-framework\src\extended\math\unpackFP.asm
                  jUnpkB1   0x00413e    program     static E:\3.46\pic18-lt\cxx-framework\src\extended\math\unpackFP.asm
                  jUnpkB2   0x004156    program     static E:\3.46\pic18-lt\cxx-framework\src\extended\math\unpackFP.asm
                 jUnpkBNZ   0x00414c    program     static E:\3.46\pic18-lt\cxx-framework\src\extended\math\unpackFP.asm
                 jUnpkNaN   0x004130    program     static E:\3.46\pic18-lt\cxx-framework\src\extended\math\unpackFP.asm
                 jWNotNeg   0x0047c0    program     static E:\3.46\pic18-lt\cxx-framework\src\extended\math\addFP.asm
                   jWr123   0x004214    program     static E:\3.46\pic18-lt\cxx-framework\src\extended\math\castFP32.asm
                  jWrZ123   0x004224    program     static E:\3.46\pic18-lt\cxx-framework\src\extended\math\castFP32.asm
                    jZero   0x0040c6    program     static E:\3.46\pic18-lt\cxx-framework\src\extended\math\castFP08.asm
                    jZero   0x00419a    program     static E:\3.46\pic18-lt\cxx-framework\src\extended\math\castFP16.asm
                    jZero   0x004222    program     static E:\3.46\pic18-lt\cxx-framework\src\extended\math\castFP32.asm
               jZero1and2   0x00402c    program     static E:\3.46\pic18-lt\cxx-framework\src\extended\math\packFP.asm
                     loop   0x0074cc    program     static                          
                     loop   0x00484e    program     static E:\3.46\pic18-lt\cxx-framework\src\extended\math\div32u.asm
                   loop_h   0x0074ac    program     static E:\3.46\pic18-lt\cxx-framework\src\extended\proc\p18f97j94.asm
                   loop_l   0x0074b6    program     static E:\3.46\pic18-lt\cxx-framework\src\extended\proc\p18f97j94.asm
   low_priority_interrupt   0x0003b6    program     extern D:\Backup\Transfer to PC\Be-Shape\Firmware\Sources\main.c
               low_vector   0x000018    program     extern D:\Backup\Transfer to PC\Be-Shape\Firmware\Sources\main.c
                     main   0x001eaa    program     extern D:\Backup\Transfer to PC\Be-Shape\Firmware\Sources\main.c
                     test   0x007356    program     static                          
               zero_block   0x0074ac    program     static E:\3.46\pic18-lt\cxx-framework\src\extended\proc\p18f97j94.asm
            A2D_Idle_Mode   0x000dcb       data     extern D:\Backup\Transfer to PC\Be-Shape\Firmware\Sources\ADC.c
  A2D_Less_Greater_Switch   0x000d41       data     extern D:\Backup\Transfer to PC\Be-Shape\Firmware\Sources\main.c
A2D_Less_Greater_Switch_Counter   0x000d48       data     extern D:\Backup\Transfer to PC\Be-Shape\Firmware\Sources\main.c
A2D_Less_Greater_Switch_Flag   0x000d40       data     extern D:\Backup\Transfer to PC\Be-Shape\Firmware\Sources\main.c
          A2D_Manual_Mode   0x000dcd       data     extern D:\Backup\Transfer to PC\Be-Shape\Firmware\Sources\ADC.c
     A2D_Operational_Mode   0x000dcc       data     extern D:\Backup\Transfer to PC\Be-Shape\Firmware\Sources\ADC.c
A2D_Sine_Amplitude_Timeout_Counter   0x000daf       data     extern D:\Backup\Transfer to PC\Be-Shape\Firmware\Sources\main.c
              A2D_Timeout   0x000d47       data     extern D:\Backup\Transfer to PC\Be-Shape\Firmware\Sources\main.c
A2D_Voltage_Domains_Measurement_Error   0x000d42       data     extern D:\Backup\Transfer to PC\Be-Shape\Firmware\Sources\main.c
                   ACTCON   0x000f63       data     extern E:\3.46\pic18-lt\cxx-framework\src\extended\proc\p18f97j94.asm
               ACTCONbits   0x000f63       data     extern E:\3.46\pic18-lt\cxx-framework\src\extended\proc\p18f97j94.asm
                  ADCBUF0   0x000fc2       data     extern E:\3.46\pic18-lt\cxx-framework\src\extended\proc\p18f97j94.asm
                 ADCBUF0H   0x000fc3       data     extern E:\3.46\pic18-lt\cxx-framework\src\extended\proc\p18f97j94.asm
                 ADCBUF0L   0x000fc2       data     extern E:\3.46\pic18-lt\cxx-framework\src\extended\proc\p18f97j94.asm
                  ADCBUF1   0x000e48       data     extern E:\3.46\pic18-lt\cxx-framework\src\extended\proc\p18f97j94.asm
                 ADCBUF10   0x000e5a       data     extern E:\3.46\pic18-lt\cxx-framework\src\extended\proc\p18f97j94.asm
                ADCBUF10H   0x000e5b       data     extern E:\3.46\pic18-lt\cxx-framework\src\extended\proc\p18f97j94.asm
                ADCBUF10L   0x000e5a       data     extern E:\3.46\pic18-lt\cxx-framework\src\extended\proc\p18f97j94.asm
                 ADCBUF11   0x000e5c       data     extern E:\3.46\pic18-lt\cxx-framework\src\extended\proc\p18f97j94.asm
                ADCBUF11H   0x000e5d       data     extern E:\3.46\pic18-lt\cxx-framework\src\extended\proc\p18f97j94.asm
                ADCBUF11L   0x000e5c       data     extern E:\3.46\pic18-lt\cxx-framework\src\extended\proc\p18f97j94.asm
                 ADCBUF12   0x000e5e       data     extern E:\3.46\pic18-lt\cxx-framework\src\extended\proc\p18f97j94.asm
                ADCBUF12H   0x000e5f       data     extern E:\3.46\pic18-lt\cxx-framework\src\extended\proc\p18f97j94.asm
                ADCBUF12L   0x000e5e       data     extern E:\3.46\pic18-lt\cxx-framework\src\extended\proc\p18f97j94.asm
                 ADCBUF13   0x000e60       data     extern E:\3.46\pic18-lt\cxx-framework\src\extended\proc\p18f97j94.asm
                ADCBUF13H   0x000e61       data     extern E:\3.46\pic18-lt\cxx-framework\src\extended\proc\p18f97j94.asm
                ADCBUF13L   0x000e60       data     extern E:\3.46\pic18-lt\cxx-framework\src\extended\proc\p18f97j94.asm
                 ADCBUF14   0x000e62       data     extern E:\3.46\pic18-lt\cxx-framework\src\extended\proc\p18f97j94.asm
                ADCBUF14H   0x000e63       data     extern E:\3.46\pic18-lt\cxx-framework\src\extended\proc\p18f97j94.asm
                ADCBUF14L   0x000e62       data     extern E:\3.46\pic18-lt\cxx-framework\src\extended\proc\p18f97j94.asm
                 ADCBUF15   0x000e64       data     extern E:\3.46\pic18-lt\cxx-framework\src\extended\proc\p18f97j94.asm
                ADCBUF15H   0x000e65       data     extern E:\3.46\pic18-lt\cxx-framework\src\extended\proc\p18f97j94.asm
                ADCBUF15L   0x000e64       data     extern E:\3.46\pic18-lt\cxx-framework\src\extended\proc\p18f97j94.asm
                 ADCBUF16   0x000e66       data     extern E:\3.46\pic18-lt\cxx-framework\src\extended\proc\p18f97j94.asm
                ADCBUF16H   0x000e67       data     extern E:\3.46\pic18-lt\cxx-framework\src\extended\proc\p18f97j94.asm
                ADCBUF16L   0x000e66       data     extern E:\3.46\pic18-lt\cxx-framework\src\extended\proc\p18f97j94.asm
                 ADCBUF17   0x000e68       data     extern E:\3.46\pic18-lt\cxx-framework\src\extended\proc\p18f97j94.asm
                ADCBUF17H   0x000e69       data     extern E:\3.46\pic18-lt\cxx-framework\src\extended\proc\p18f97j94.asm
                ADCBUF17L   0x000e68       data     extern E:\3.46\pic18-lt\cxx-framework\src\extended\proc\p18f97j94.asm
                 ADCBUF18   0x000e6a       data     extern E:\3.46\pic18-lt\cxx-framework\src\extended\proc\p18f97j94.asm
                ADCBUF18H   0x000e6b       data     extern E:\3.46\pic18-lt\cxx-framework\src\extended\proc\p18f97j94.asm
                ADCBUF18L   0x000e6a       data     extern E:\3.46\pic18-lt\cxx-framework\src\extended\proc\p18f97j94.asm
                 ADCBUF19   0x000e6c       data     extern E:\3.46\pic18-lt\cxx-framework\src\extended\proc\p18f97j94.asm
                ADCBUF19H   0x000e6d       data     extern E:\3.46\pic18-lt\cxx-framework\src\extended\proc\p18f97j94.asm
                ADCBUF19L   0x000e6c       data     extern E:\3.46\pic18-lt\cxx-framework\src\extended\proc\p18f97j94.asm
                 ADCBUF1H   0x000e49       data     extern E:\3.46\pic18-lt\cxx-framework\src\extended\proc\p18f97j94.asm
                 ADCBUF1L   0x000e48       data     extern E:\3.46\pic18-lt\cxx-framework\src\extended\proc\p18f97j94.asm
                  ADCBUF2   0x000e4a       data     extern E:\3.46\pic18-lt\cxx-framework\src\extended\proc\p18f97j94.asm
                 ADCBUF20   0x000e6e       data     extern E:\3.46\pic18-lt\cxx-framework\src\extended\proc\p18f97j94.asm
                ADCBUF20H   0x000e6f       data     extern E:\3.46\pic18-lt\cxx-framework\src\extended\proc\p18f97j94.asm
                ADCBUF20L   0x000e6e       data     extern E:\3.46\pic18-lt\cxx-framework\src\extended\proc\p18f97j94.asm
                 ADCBUF21   0x000e70       data     extern E:\3.46\pic18-lt\cxx-framework\src\extended\proc\p18f97j94.asm
                ADCBUF21H   0x000e71       data     extern E:\3.46\pic18-lt\cxx-framework\src\extended\proc\p18f97j94.asm
                ADCBUF21L   0x000e70       data     extern E:\3.46\pic18-lt\cxx-framework\src\extended\proc\p18f97j94.asm
                 ADCBUF22   0x000e72       data     extern E:\3.46\pic18-lt\cxx-framework\src\extended\proc\p18f97j94.asm
                ADCBUF22H   0x000e73       data     extern E:\3.46\pic18-lt\cxx-framework\src\extended\proc\p18f97j94.asm
                ADCBUF22L   0x000e72       data     extern E:\3.46\pic18-lt\cxx-framework\src\extended\proc\p18f97j94.asm
                 ADCBUF23   0x000e74       data     extern E:\3.46\pic18-lt\cxx-framework\src\extended\proc\p18f97j94.asm
                ADCBUF23H   0x000e75       data     extern E:\3.46\pic18-lt\cxx-framework\src\extended\proc\p18f97j94.asm
                ADCBUF23L   0x000e74       data     extern E:\3.46\pic18-lt\cxx-framework\src\extended\proc\p18f97j94.asm
                 ADCBUF24   0x000e76       data     extern E:\3.46\pic18-lt\cxx-framework\src\extended\proc\p18f97j94.asm
                ADCBUF24H   0x000e77       data     extern E:\3.46\pic18-lt\cxx-framework\src\extended\proc\p18f97j94.asm
                ADCBUF24L   0x000e76       data     extern E:\3.46\pic18-lt\cxx-framework\src\extended\proc\p18f97j94.asm
                 ADCBUF25   0x000e78       data     extern E:\3.46\pic18-lt\cxx-framework\src\extended\proc\p18f97j94.asm
                ADCBUF25H   0x000e79       data     extern E:\3.46\pic18-lt\cxx-framework\src\extended\proc\p18f97j94.asm
                ADCBUF25L   0x000e78       data     extern E:\3.46\pic18-lt\cxx-framework\src\extended\proc\p18f97j94.asm
                 ADCBUF2H   0x000e4b       data     extern E:\3.46\pic18-lt\cxx-framework\src\extended\proc\p18f97j94.asm
                 ADCBUF2L   0x000e4a       data     extern E:\3.46\pic18-lt\cxx-framework\src\extended\proc\p18f97j94.asm
                  ADCBUF3   0x000e4c       data     extern E:\3.46\pic18-lt\cxx-framework\src\extended\proc\p18f97j94.asm
                 ADCBUF3H   0x000e4d       data     extern E:\3.46\pic18-lt\cxx-framework\src\extended\proc\p18f97j94.asm
                 ADCBUF3L   0x000e4c       data     extern E:\3.46\pic18-lt\cxx-framework\src\extended\proc\p18f97j94.asm
                  ADCBUF4   0x000e4e       data     extern E:\3.46\pic18-lt\cxx-framework\src\extended\proc\p18f97j94.asm
                 ADCBUF4H   0x000e4f       data     extern E:\3.46\pic18-lt\cxx-framework\src\extended\proc\p18f97j94.asm
                 ADCBUF4L   0x000e4e       data     extern E:\3.46\pic18-lt\cxx-framework\src\extended\proc\p18f97j94.asm
                  ADCBUF5   0x000e50       data     extern E:\3.46\pic18-lt\cxx-framework\src\extended\proc\p18f97j94.asm
                 ADCBUF5H   0x000e51       data     extern E:\3.46\pic18-lt\cxx-framework\src\extended\proc\p18f97j94.asm
                 ADCBUF5L   0x000e50       data     extern E:\3.46\pic18-lt\cxx-framework\src\extended\proc\p18f97j94.asm
                  ADCBUF6   0x000e52       data     extern E:\3.46\pic18-lt\cxx-framework\src\extended\proc\p18f97j94.asm
                 ADCBUF6H   0x000e53       data     extern E:\3.46\pic18-lt\cxx-framework\src\extended\proc\p18f97j94.asm
                 ADCBUF6L   0x000e52       data     extern E:\3.46\pic18-lt\cxx-framework\src\extended\proc\p18f97j94.asm
                  ADCBUF7   0x000e54       data     extern E:\3.46\pic18-lt\cxx-framework\src\extended\proc\p18f97j94.asm
                 ADCBUF7H   0x000e55       data     extern E:\3.46\pic18-lt\cxx-framework\src\extended\proc\p18f97j94.asm
                 ADCBUF7L   0x000e54       data     extern E:\3.46\pic18-lt\cxx-framework\src\extended\proc\p18f97j94.asm
                  ADCBUF8   0x000e56       data     extern E:\3.46\pic18-lt\cxx-framework\src\extended\proc\p18f97j94.asm
                 ADCBUF8H   0x000e57       data     extern E:\3.46\pic18-lt\cxx-framework\src\extended\proc\p18f97j94.asm
                 ADCBUF8L   0x000e56       data     extern E:\3.46\pic18-lt\cxx-framework\src\extended\proc\p18f97j94.asm
                  ADCBUF9   0x000e58       data     extern E:\3.46\pic18-lt\cxx-framework\src\extended\proc\p18f97j94.asm
                 ADCBUF9H   0x000e59       data     extern E:\3.46\pic18-lt\cxx-framework\src\extended\proc\p18f97j94.asm
                 ADCBUF9L   0x000e58       data     extern E:\3.46\pic18-lt\cxx-framework\src\extended\proc\p18f97j94.asm
                 ADCHIT0H   0x000e7f       data     extern E:\3.46\pic18-lt\cxx-framework\src\extended\proc\p18f97j94.asm
             ADCHIT0Hbits   0x000e7f       data     extern E:\3.46\pic18-lt\cxx-framework\src\extended\proc\p18f97j94.asm
                 ADCHIT0L   0x000e7e       data     extern E:\3.46\pic18-lt\cxx-framework\src\extended\proc\p18f97j94.asm
             ADCHIT0Lbits   0x000e7e       data     extern E:\3.46\pic18-lt\cxx-framework\src\extended\proc\p18f97j94.asm
                 ADCHIT1H   0x000e81       data     extern E:\3.46\pic18-lt\cxx-framework\src\extended\proc\p18f97j94.asm
             ADCHIT1Hbits   0x000e81       data     extern E:\3.46\pic18-lt\cxx-framework\src\extended\proc\p18f97j94.asm
                 ADCHIT1L   0x000e80       data     extern E:\3.46\pic18-lt\cxx-framework\src\extended\proc\p18f97j94.asm
             ADCHIT1Lbits   0x000e80       data     extern E:\3.46\pic18-lt\cxx-framework\src\extended\proc\p18f97j94.asm
                  ADCHS0H   0x000e87       data     extern E:\3.46\pic18-lt\cxx-framework\src\extended\proc\p18f97j94.asm
              ADCHS0Hbits   0x000e87       data     extern E:\3.46\pic18-lt\cxx-framework\src\extended\proc\p18f97j94.asm
                  ADCHS0L   0x000e86       data     extern E:\3.46\pic18-lt\cxx-framework\src\extended\proc\p18f97j94.asm
              ADCHS0Lbits   0x000e86       data     extern E:\3.46\pic18-lt\cxx-framework\src\extended\proc\p18f97j94.asm
                  ADCON1H   0x000fc1       data     extern E:\3.46\pic18-lt\cxx-framework\src\extended\proc\p18f97j94.asm
              ADCON1Hbits   0x000fc1       data     extern E:\3.46\pic18-lt\cxx-framework\src\extended\proc\p18f97j94.asm
                  ADCON1L   0x000fc0       data     extern E:\3.46\pic18-lt\cxx-framework\src\extended\proc\p18f97j94.asm
              ADCON1Lbits   0x000fc0       data     extern E:\3.46\pic18-lt\cxx-framework\src\extended\proc\p18f97j94.asm
                  ADCON2H   0x000e8d       data     extern E:\3.46\pic18-lt\cxx-framework\src\extended\proc\p18f97j94.asm
              ADCON2Hbits   0x000e8d       data     extern E:\3.46\pic18-lt\cxx-framework\src\extended\proc\p18f97j94.asm
                  ADCON2L   0x000e8c       data     extern E:\3.46\pic18-lt\cxx-framework\src\extended\proc\p18f97j94.asm
              ADCON2Lbits   0x000e8c       data     extern E:\3.46\pic18-lt\cxx-framework\src\extended\proc\p18f97j94.asm
                  ADCON3H   0x000e8b       data     extern E:\3.46\pic18-lt\cxx-framework\src\extended\proc\p18f97j94.asm
              ADCON3Hbits   0x000e8b       data     extern E:\3.46\pic18-lt\cxx-framework\src\extended\proc\p18f97j94.asm
                  ADCON3L   0x000e8a       data     extern E:\3.46\pic18-lt\cxx-framework\src\extended\proc\p18f97j94.asm
              ADCON3Lbits   0x000e8a       data     extern E:\3.46\pic18-lt\cxx-framework\src\extended\proc\p18f97j94.asm
                  ADCON5H   0x000e89       data     extern E:\3.46\pic18-lt\cxx-framework\src\extended\proc\p18f97j94.asm
              ADCON5Hbits   0x000e89       data     extern E:\3.46\pic18-lt\cxx-framework\src\extended\proc\p18f97j94.asm
                  ADCON5L   0x000e88       data     extern E:\3.46\pic18-lt\cxx-framework\src\extended\proc\p18f97j94.asm
              ADCON5Lbits   0x000e88       data     extern E:\3.46\pic18-lt\cxx-framework\src\extended\proc\p18f97j94.asm
                  ADCSS0H   0x000e83       data     extern E:\3.46\pic18-lt\cxx-framework\src\extended\proc\p18f97j94.asm
              ADCSS0Hbits   0x000e83       data     extern E:\3.46\pic18-lt\cxx-framework\src\extended\proc\p18f97j94.asm
                  ADCSS0L   0x000e82       data     extern E:\3.46\pic18-lt\cxx-framework\src\extended\proc\p18f97j94.asm
              ADCSS0Lbits   0x000e82       data     extern E:\3.46\pic18-lt\cxx-framework\src\extended\proc\p18f97j94.asm
                  ADCSS1H   0x000e85       data     extern E:\3.46\pic18-lt\cxx-framework\src\extended\proc\p18f97j94.asm
              ADCSS1Hbits   0x000e85       data     extern E:\3.46\pic18-lt\cxx-framework\src\extended\proc\p18f97j94.asm
                  ADCSS1L   0x000e84       data     extern E:\3.46\pic18-lt\cxx-framework\src\extended\proc\p18f97j94.asm
              ADCSS1Lbits   0x000e84       data     extern E:\3.46\pic18-lt\cxx-framework\src\extended\proc\p18f97j94.asm
               ADCTMUEN0H   0x000e7b       data     extern E:\3.46\pic18-lt\cxx-framework\src\extended\proc\p18f97j94.asm
           ADCTMUEN0Hbits   0x000e7b       data     extern E:\3.46\pic18-lt\cxx-framework\src\extended\proc\p18f97j94.asm
               ADCTMUEN0L   0x000e7a       data     extern E:\3.46\pic18-lt\cxx-framework\src\extended\proc\p18f97j94.asm
           ADCTMUEN0Lbits   0x000e7a       data     extern E:\3.46\pic18-lt\cxx-framework\src\extended\proc\p18f97j94.asm
               ADCTMUEN1H   0x000e7d       data     extern E:\3.46\pic18-lt\cxx-framework\src\extended\proc\p18f97j94.asm
           ADCTMUEN1Hbits   0x000e7d       data     extern E:\3.46\pic18-lt\cxx-framework\src\extended\proc\p18f97j94.asm
               ADCTMUEN1L   0x000e7c       data     extern E:\3.46\pic18-lt\cxx-framework\src\extended\proc\p18f97j94.asm
           ADCTMUEN1Lbits   0x000e7c       data     extern E:\3.46\pic18-lt\cxx-framework\src\extended\proc\p18f97j94.asm
                  ALRMCFG   0x000f5b       data     extern E:\3.46\pic18-lt\cxx-framework\src\extended\proc\p18f97j94.asm
              ALRMCFGbits   0x000f5b       data     extern E:\3.46\pic18-lt\cxx-framework\src\extended\proc\p18f97j94.asm
                  ALRMRPT   0x000f5a       data     extern E:\3.46\pic18-lt\cxx-framework\src\extended\proc\p18f97j94.asm
              ALRMRPTbits   0x000f5a       data     extern E:\3.46\pic18-lt\cxx-framework\src\extended\proc\p18f97j94.asm
                 ALRMVALH   0x000f59       data     extern E:\3.46\pic18-lt\cxx-framework\src\extended\proc\p18f97j94.asm
                 ALRMVALL   0x000f58       data     extern E:\3.46\pic18-lt\cxx-framework\src\extended\proc\p18f97j94.asm
              AMP1_ENABLE   0x000d09       data     extern D:\Backup\Transfer to PC\Be-Shape\Firmware\Sources\main.c
              AMP2_ENABLE   0x000d0a       data     extern D:\Backup\Transfer to PC\Be-Shape\Firmware\Sources\main.c
                    ANCFG   0x000f01       data     extern E:\3.46\pic18-lt\cxx-framework\src\extended\proc\p18f97j94.asm
                ANCFGbits   0x000f01       data     extern E:\3.46\pic18-lt\cxx-framework\src\extended\proc\p18f97j94.asm
                   ANCON1   0x000e47       data     extern E:\3.46\pic18-lt\cxx-framework\src\extended\proc\p18f97j94.asm
               ANCON1bits   0x000e47       data     extern E:\3.46\pic18-lt\cxx-framework\src\extended\proc\p18f97j94.asm
                   ANCON2   0x000e46       data     extern E:\3.46\pic18-lt\cxx-framework\src\extended\proc\p18f97j94.asm
               ANCON2bits   0x000e46       data     extern E:\3.46\pic18-lt\cxx-framework\src\extended\proc\p18f97j94.asm
                   ANCON3   0x000e45       data     extern E:\3.46\pic18-lt\cxx-framework\src\extended\proc\p18f97j94.asm
               ANCON3bits   0x000e45       data     extern E:\3.46\pic18-lt\cxx-framework\src\extended\proc\p18f97j94.asm
Amplifier1_Control_Register_Read   0x000d25       data     extern D:\Backup\Transfer to PC\Be-Shape\Firmware\Sources\main.c
  Amplifier1_Current_Read   0x000d27       data     extern D:\Backup\Transfer to PC\Be-Shape\Firmware\Sources\main.c
Amplifier1_Forward_Power_Read   0x000d29       data     extern D:\Backup\Transfer to PC\Be-Shape\Firmware\Sources\main.c
Amplifier1_Reverse_Power_Read   0x000d28       data     extern D:\Backup\Transfer to PC\Be-Shape\Firmware\Sources\main.c
Amplifier1_Temperature_Read   0x000d26       data     extern D:\Backup\Transfer to PC\Be-Shape\Firmware\Sources\main.c
Amplifier2_Control_Register_Read   0x000d2a       data     extern D:\Backup\Transfer to PC\Be-Shape\Firmware\Sources\main.c
  Amplifier2_Current_Read   0x000d2c       data     extern D:\Backup\Transfer to PC\Be-Shape\Firmware\Sources\main.c
Amplifier2_Forward_Power_Read   0x000d2e       data     extern D:\Backup\Transfer to PC\Be-Shape\Firmware\Sources\main.c
Amplifier2_Reverse_Power_Read   0x000d2d       data     extern D:\Backup\Transfer to PC\Be-Shape\Firmware\Sources\main.c
Amplifier2_Temperature_Read   0x000d2b       data     extern D:\Backup\Transfer to PC\Be-Shape\Firmware\Sources\main.c
                  BAUDCON   0x000f67       data     extern E:\3.46\pic18-lt\cxx-framework\src\extended\proc\p18f97j94.asm
                 BAUDCON1   0x000f67       data     extern E:\3.46\pic18-lt\cxx-framework\src\extended\proc\p18f97j94.asm
             BAUDCON1bits   0x000f67       data     extern E:\3.46\pic18-lt\cxx-framework\src\extended\proc\p18f97j94.asm
                 BAUDCON2   0x000f31       data     extern E:\3.46\pic18-lt\cxx-framework\src\extended\proc\p18f97j94.asm
             BAUDCON2bits   0x000f31       data     extern E:\3.46\pic18-lt\cxx-framework\src\extended\proc\p18f97j94.asm
                 BAUDCON3   0x000f2d       data     extern E:\3.46\pic18-lt\cxx-framework\src\extended\proc\p18f97j94.asm
             BAUDCON3bits   0x000f2d       data     extern E:\3.46\pic18-lt\cxx-framework\src\extended\proc\p18f97j94.asm
                 BAUDCON4   0x000efd       data     extern E:\3.46\pic18-lt\cxx-framework\src\extended\proc\p18f97j94.asm
             BAUDCON4bits   0x000efd       data     extern E:\3.46\pic18-lt\cxx-framework\src\extended\proc\p18f97j94.asm
              BAUDCONbits   0x000f67       data     extern E:\3.46\pic18-lt\cxx-framework\src\extended\proc\p18f97j94.asm
                      BSR   0x000fe0       data     extern E:\3.46\pic18-lt\cxx-framework\src\extended\proc\p18f97j94.asm
                 CCP10CON   0x000f40       data     extern E:\3.46\pic18-lt\cxx-framework\src\extended\proc\p18f97j94.asm
             CCP10CONbits   0x000f40       data     extern E:\3.46\pic18-lt\cxx-framework\src\extended\proc\p18f97j94.asm
                  CCP1CON   0x000fb9       data     extern E:\3.46\pic18-lt\cxx-framework\src\extended\proc\p18f97j94.asm
              CCP1CONbits   0x000fb9       data     extern E:\3.46\pic18-lt\cxx-framework\src\extended\proc\p18f97j94.asm
                  CCP2CON   0x000f4e       data     extern E:\3.46\pic18-lt\cxx-framework\src\extended\proc\p18f97j94.asm
              CCP2CONbits   0x000f4e       data     extern E:\3.46\pic18-lt\cxx-framework\src\extended\proc\p18f97j94.asm
                  CCP3CON   0x000f49       data     extern E:\3.46\pic18-lt\cxx-framework\src\extended\proc\p18f97j94.asm
              CCP3CONbits   0x000f49       data     extern E:\3.46\pic18-lt\cxx-framework\src\extended\proc\p18f97j94.asm
                  CCP4CON   0x000f10       data     extern E:\3.46\pic18-lt\cxx-framework\src\extended\proc\p18f97j94.asm
              CCP4CONbits   0x000f10       data     extern E:\3.46\pic18-lt\cxx-framework\src\extended\proc\p18f97j94.asm
                  CCP5CON   0x000f0d       data     extern E:\3.46\pic18-lt\cxx-framework\src\extended\proc\p18f97j94.asm
              CCP5CONbits   0x000f0d       data     extern E:\3.46\pic18-lt\cxx-framework\src\extended\proc\p18f97j94.asm
                  CCP6CON   0x000f0a       data     extern E:\3.46\pic18-lt\cxx-framework\src\extended\proc\p18f97j94.asm
              CCP6CONbits   0x000f0a       data     extern E:\3.46\pic18-lt\cxx-framework\src\extended\proc\p18f97j94.asm
                  CCP7CON   0x000f07       data     extern E:\3.46\pic18-lt\cxx-framework\src\extended\proc\p18f97j94.asm
              CCP7CONbits   0x000f07       data     extern E:\3.46\pic18-lt\cxx-framework\src\extended\proc\p18f97j94.asm
                  CCP8CON   0x000f46       data     extern E:\3.46\pic18-lt\cxx-framework\src\extended\proc\p18f97j94.asm
              CCP8CONbits   0x000f46       data     extern E:\3.46\pic18-lt\cxx-framework\src\extended\proc\p18f97j94.asm
                  CCP9CON   0x000f43       data     extern E:\3.46\pic18-lt\cxx-framework\src\extended\proc\p18f97j94.asm
              CCP9CONbits   0x000f43       data     extern E:\3.46\pic18-lt\cxx-framework\src\extended\proc\p18f97j94.asm
                    CCPR1   0x000fba       data     extern E:\3.46\pic18-lt\cxx-framework\src\extended\proc\p18f97j94.asm
                   CCPR10   0x000f41       data     extern E:\3.46\pic18-lt\cxx-framework\src\extended\proc\p18f97j94.asm
                  CCPR10H   0x000f42       data     extern E:\3.46\pic18-lt\cxx-framework\src\extended\proc\p18f97j94.asm
                  CCPR10L   0x000f41       data     extern E:\3.46\pic18-lt\cxx-framework\src\extended\proc\p18f97j94.asm
                   CCPR1H   0x000fbb       data     extern E:\3.46\pic18-lt\cxx-framework\src\extended\proc\p18f97j94.asm
                   CCPR1L   0x000fba       data     extern E:\3.46\pic18-lt\cxx-framework\src\extended\proc\p18f97j94.asm
                    CCPR2   0x000f4f       data     extern E:\3.46\pic18-lt\cxx-framework\src\extended\proc\p18f97j94.asm
                   CCPR2H   0x000f50       data     extern E:\3.46\pic18-lt\cxx-framework\src\extended\proc\p18f97j94.asm
                   CCPR2L   0x000f4f       data     extern E:\3.46\pic18-lt\cxx-framework\src\extended\proc\p18f97j94.asm
                    CCPR3   0x000f4a       data     extern E:\3.46\pic18-lt\cxx-framework\src\extended\proc\p18f97j94.asm
                   CCPR3H   0x000f4b       data     extern E:\3.46\pic18-lt\cxx-framework\src\extended\proc\p18f97j94.asm
                   CCPR3L   0x000f4a       data     extern E:\3.46\pic18-lt\cxx-framework\src\extended\proc\p18f97j94.asm
                    CCPR4   0x000f11       data     extern E:\3.46\pic18-lt\cxx-framework\src\extended\proc\p18f97j94.asm
                   CCPR4H   0x000f12       data     extern E:\3.46\pic18-lt\cxx-framework\src\extended\proc\p18f97j94.asm
                   CCPR4L   0x000f11       data     extern E:\3.46\pic18-lt\cxx-framework\src\extended\proc\p18f97j94.asm
                    CCPR5   0x000f0e       data     extern E:\3.46\pic18-lt\cxx-framework\src\extended\proc\p18f97j94.asm
                   CCPR5H   0x000f0f       data     extern E:\3.46\pic18-lt\cxx-framework\src\extended\proc\p18f97j94.asm
                   CCPR5L   0x000f0e       data     extern E:\3.46\pic18-lt\cxx-framework\src\extended\proc\p18f97j94.asm
                    CCPR6   0x000f0b       data     extern E:\3.46\pic18-lt\cxx-framework\src\extended\proc\p18f97j94.asm
                   CCPR6H   0x000f0c       data     extern E:\3.46\pic18-lt\cxx-framework\src\extended\proc\p18f97j94.asm
                   CCPR6L   0x000f0b       data     extern E:\3.46\pic18-lt\cxx-framework\src\extended\proc\p18f97j94.asm
                    CCPR7   0x000f08       data     extern E:\3.46\pic18-lt\cxx-framework\src\extended\proc\p18f97j94.asm
                   CCPR7H   0x000f09       data     extern E:\3.46\pic18-lt\cxx-framework\src\extended\proc\p18f97j94.asm
                   CCPR7L   0x000f08       data     extern E:\3.46\pic18-lt\cxx-framework\src\extended\proc\p18f97j94.asm
                    CCPR8   0x000f47       data     extern E:\3.46\pic18-lt\cxx-framework\src\extended\proc\p18f97j94.asm
                   CCPR8H   0x000f48       data     extern E:\3.46\pic18-lt\cxx-framework\src\extended\proc\p18f97j94.asm
                   CCPR8L   0x000f47       data     extern E:\3.46\pic18-lt\cxx-framework\src\extended\proc\p18f97j94.asm
                    CCPR9   0x000f44       data     extern E:\3.46\pic18-lt\cxx-framework\src\extended\proc\p18f97j94.asm
                   CCPR9H   0x000f45       data     extern E:\3.46\pic18-lt\cxx-framework\src\extended\proc\p18f97j94.asm
                   CCPR9L   0x000f44       data     extern E:\3.46\pic18-lt\cxx-framework\src\extended\proc\p18f97j94.asm
                 CCPTMRS0   0x000f36       data     extern E:\3.46\pic18-lt\cxx-framework\src\extended\proc\p18f97j94.asm
             CCPTMRS0bits   0x000f36       data     extern E:\3.46\pic18-lt\cxx-framework\src\extended\proc\p18f97j94.asm
                 CCPTMRS1   0x000f35       data     extern E:\3.46\pic18-lt\cxx-framework\src\extended\proc\p18f97j94.asm
             CCPTMRS1bits   0x000f35       data     extern E:\3.46\pic18-lt\cxx-framework\src\extended\proc\p18f97j94.asm
                 CCPTMRS2   0x000f34       data     extern E:\3.46\pic18-lt\cxx-framework\src\extended\proc\p18f97j94.asm
             CCPTMRS2bits   0x000f34       data     extern E:\3.46\pic18-lt\cxx-framework\src\extended\proc\p18f97j94.asm
                   CM1CON   0x000f53       data     extern E:\3.46\pic18-lt\cxx-framework\src\extended\proc\p18f97j94.asm
               CM1CONbits   0x000f53       data     extern E:\3.46\pic18-lt\cxx-framework\src\extended\proc\p18f97j94.asm
                   CM2CON   0x000f38       data     extern E:\3.46\pic18-lt\cxx-framework\src\extended\proc\p18f97j94.asm
               CM2CONbits   0x000f38       data     extern E:\3.46\pic18-lt\cxx-framework\src\extended\proc\p18f97j94.asm
                   CM3CON   0x000f37       data     extern E:\3.46\pic18-lt\cxx-framework\src\extended\proc\p18f97j94.asm
               CM3CONbits   0x000f37       data     extern E:\3.46\pic18-lt\cxx-framework\src\extended\proc\p18f97j94.asm
                   CMSTAT   0x000fc4       data     extern E:\3.46\pic18-lt\cxx-framework\src\extended\proc\p18f97j94.asm
               CMSTATbits   0x000fc4       data     extern E:\3.46\pic18-lt\cxx-framework\src\extended\proc\p18f97j94.asm
                 CTMUCON1   0x000ef8       data     extern E:\3.46\pic18-lt\cxx-framework\src\extended\proc\p18f97j94.asm
             CTMUCON1bits   0x000ef8       data     extern E:\3.46\pic18-lt\cxx-framework\src\extended\proc\p18f97j94.asm
                 CTMUCON2   0x000ef7       data     extern E:\3.46\pic18-lt\cxx-framework\src\extended\proc\p18f97j94.asm
             CTMUCON2bits   0x000ef7       data     extern E:\3.46\pic18-lt\cxx-framework\src\extended\proc\p18f97j94.asm
                 CTMUCON3   0x000ef6       data     extern E:\3.46\pic18-lt\cxx-framework\src\extended\proc\p18f97j94.asm
             CTMUCON3bits   0x000ef6       data     extern E:\3.46\pic18-lt\cxx-framework\src\extended\proc\p18f97j94.asm
                 CTMUCON4   0x000ef5       data     extern E:\3.46\pic18-lt\cxx-framework\src\extended\proc\p18f97j94.asm
             CTMUCON4bits   0x000ef5       data     extern E:\3.46\pic18-lt\cxx-framework\src\extended\proc\p18f97j94.asm
                  CVRCONH   0x000fbf       data     extern E:\3.46\pic18-lt\cxx-framework\src\extended\proc\p18f97j94.asm
              CVRCONHbits   0x000fbf       data     extern E:\3.46\pic18-lt\cxx-framework\src\extended\proc\p18f97j94.asm
                  CVRCONL   0x000fbe       data     extern E:\3.46\pic18-lt\cxx-framework\src\extended\proc\p18f97j94.asm
              CVRCONLbits   0x000fbe       data     extern E:\3.46\pic18-lt\cxx-framework\src\extended\proc\p18f97j94.asm
Controller_Handpiece_Serial_Read   0x000d3a       data     extern D:\Backup\Transfer to PC\Be-Shape\Firmware\Sources\main.c
      DDS1_2_POWER_ON_OFF   0x000d02       data     extern D:\Backup\Transfer to PC\Be-Shape\Firmware\Sources\main.c
   DDS1_Amplitude_Measure   0x000d1f       data     extern D:\Backup\Transfer to PC\Be-Shape\Firmware\Sources\main.c
      DDS1_Amplitude_Read   0x000d1e       data     extern D:\Backup\Transfer to PC\Be-Shape\Firmware\Sources\main.c
       DDS1_Amplitude_Set   0x000d12       data     extern D:\Backup\Transfer to PC\Be-Shape\Firmware\Sources\main.c
     DDS1_Amplitude_Value   0x000da9       data     extern D:\Backup\Transfer to PC\Be-Shape\Firmware\Sources\main.c
DDS1_Control_Register_Read   0x000d1b       data     extern D:\Backup\Transfer to PC\Be-Shape\Firmware\Sources\main.c
   DDS1_Frequency_Measure   0x000d1d       data     extern D:\Backup\Transfer to PC\Be-Shape\Firmware\Sources\main.c
      DDS1_Frequency_Read   0x000d1c       data     extern D:\Backup\Transfer to PC\Be-Shape\Firmware\Sources\main.c
       DDS1_Frequency_Set   0x000d11       data     extern D:\Backup\Transfer to PC\Be-Shape\Firmware\Sources\main.c
     DDS1_Frequency_Value   0x000da5       data     extern D:\Backup\Transfer to PC\Be-Shape\Firmware\Sources\main.c
            DDS1_HW_RESET   0x000d04       data     extern D:\Backup\Transfer to PC\Be-Shape\Firmware\Sources\main.c
DDS1_OUTPUT_ENABLE_DISABLE   0x000d03       data     extern D:\Backup\Transfer to PC\Be-Shape\Firmware\Sources\main.c
            DDS1_SW_RESET   0x000d05       data     extern D:\Backup\Transfer to PC\Be-Shape\Firmware\Sources\main.c
   DDS2_Amplitude_Measure   0x000d24       data     extern D:\Backup\Transfer to PC\Be-Shape\Firmware\Sources\main.c
      DDS2_Amplitude_Read   0x000d23       data     extern D:\Backup\Transfer to PC\Be-Shape\Firmware\Sources\main.c
       DDS2_Amplitude_Set   0x000d14       data     extern D:\Backup\Transfer to PC\Be-Shape\Firmware\Sources\main.c
     DDS2_Amplitude_Value   0x000dab       data     extern D:\Backup\Transfer to PC\Be-Shape\Firmware\Sources\main.c
DDS2_Control_Register_Read   0x000d20       data     extern D:\Backup\Transfer to PC\Be-Shape\Firmware\Sources\main.c
   DDS2_Frequency_Measure   0x000d22       data     extern D:\Backup\Transfer to PC\Be-Shape\Firmware\Sources\main.c
      DDS2_Frequency_Read   0x000d21       data     extern D:\Backup\Transfer to PC\Be-Shape\Firmware\Sources\main.c
       DDS2_Frequency_Set   0x000d13       data     extern D:\Backup\Transfer to PC\Be-Shape\Firmware\Sources\main.c
     DDS2_Frequency_Value   0x000da7       data     extern D:\Backup\Transfer to PC\Be-Shape\Firmware\Sources\main.c
            DDS2_HW_RESET   0x000d07       data     extern D:\Backup\Transfer to PC\Be-Shape\Firmware\Sources\main.c
DDS2_OUTPUT_ENABLE_DISABLE   0x000d06       data     extern D:\Backup\Transfer to PC\Be-Shape\Firmware\Sources\main.c
            DDS2_SW_RESET   0x000d08       data     extern D:\Backup\Transfer to PC\Be-Shape\Firmware\Sources\main.c
                   DMABCH   0x000f6b       data     extern E:\3.46\pic18-lt\cxx-framework\src\extended\proc\p18f97j94.asm
               DMABCHbits   0x000f6b       data     extern E:\3.46\pic18-lt\cxx-framework\src\extended\proc\p18f97j94.asm
                   DMABCL   0x000f6c       data     extern E:\3.46\pic18-lt\cxx-framework\src\extended\proc\p18f97j94.asm
               DMABCLbits   0x000f6c       data     extern E:\3.46\pic18-lt\cxx-framework\src\extended\proc\p18f97j94.asm
                  DMACON1   0x000f60       data     extern E:\3.46\pic18-lt\cxx-framework\src\extended\proc\p18f97j94.asm
              DMACON1bits   0x000f60       data     extern E:\3.46\pic18-lt\cxx-framework\src\extended\proc\p18f97j94.asm
                  DMACON2   0x000f00       data     extern E:\3.46\pic18-lt\cxx-framework\src\extended\proc\p18f97j94.asm
              DMACON2bits   0x000f00       data     extern E:\3.46\pic18-lt\cxx-framework\src\extended\proc\p18f97j94.asm
                   DSCONH   0x000f27       data     extern E:\3.46\pic18-lt\cxx-framework\src\extended\proc\p18f97j94.asm
               DSCONHbits   0x000f27       data     extern E:\3.46\pic18-lt\cxx-framework\src\extended\proc\p18f97j94.asm
                   DSCONL   0x000f28       data     extern E:\3.46\pic18-lt\cxx-framework\src\extended\proc\p18f97j94.asm
               DSCONLbits   0x000f28       data     extern E:\3.46\pic18-lt\cxx-framework\src\extended\proc\p18f97j94.asm
                   DSGPR0   0x000f24       data     extern E:\3.46\pic18-lt\cxx-framework\src\extended\proc\p18f97j94.asm
                   DSGPR1   0x000f23       data     extern E:\3.46\pic18-lt\cxx-framework\src\extended\proc\p18f97j94.asm
                   DSGPR2   0x000f22       data     extern E:\3.46\pic18-lt\cxx-framework\src\extended\proc\p18f97j94.asm
                   DSGPR3   0x000f21       data     extern E:\3.46\pic18-lt\cxx-framework\src\extended\proc\p18f97j94.asm
                  DSWAKEH   0x000f25       data     extern E:\3.46\pic18-lt\cxx-framework\src\extended\proc\p18f97j94.asm
              DSWAKEHbits   0x000f25       data     extern E:\3.46\pic18-lt\cxx-framework\src\extended\proc\p18f97j94.asm
                  DSWAKEL   0x000f26       data     extern E:\3.46\pic18-lt\cxx-framework\src\extended\proc\p18f97j94.asm
              DSWAKELbits   0x000f26       data     extern E:\3.46\pic18-lt\cxx-framework\src\extended\proc\p18f97j94.asm
       Data_Receive_Error   0x000dd0       data     extern D:\Backup\Transfer to PC\Be-Shape\Firmware\Sources\UART.c
            DelayCounter1   0x000dcf       data     extern E:\3.46\pic18-lt\cxx-framework\src\extended\delays\delayd1.asm
            DelayCounter2   0x000dce       data     extern E:\3.46\pic18-lt\cxx-framework\src\extended\delays\delayd2.asm
                  ECCP1AS   0x000fbd       data     extern E:\3.46\pic18-lt\cxx-framework\src\extended\proc\p18f97j94.asm
              ECCP1ASbits   0x000fbd       data     extern E:\3.46\pic18-lt\cxx-framework\src\extended\proc\p18f97j94.asm
                 ECCP1DEL   0x000fbc       data     extern E:\3.46\pic18-lt\cxx-framework\src\extended\proc\p18f97j94.asm
             ECCP1DELbits   0x000fbc       data     extern E:\3.46\pic18-lt\cxx-framework\src\extended\proc\p18f97j94.asm
                  ECCP2AS   0x000f52       data     extern E:\3.46\pic18-lt\cxx-framework\src\extended\proc\p18f97j94.asm
              ECCP2ASbits   0x000f52       data     extern E:\3.46\pic18-lt\cxx-framework\src\extended\proc\p18f97j94.asm
                 ECCP2DEL   0x000f51       data     extern E:\3.46\pic18-lt\cxx-framework\src\extended\proc\p18f97j94.asm
             ECCP2DELbits   0x000f51       data     extern E:\3.46\pic18-lt\cxx-framework\src\extended\proc\p18f97j94.asm
                  ECCP3AS   0x000f4d       data     extern E:\3.46\pic18-lt\cxx-framework\src\extended\proc\p18f97j94.asm
              ECCP3ASbits   0x000f4d       data     extern E:\3.46\pic18-lt\cxx-framework\src\extended\proc\p18f97j94.asm
                 ECCP3DEL   0x000f4c       data     extern E:\3.46\pic18-lt\cxx-framework\src\extended\proc\p18f97j94.asm
             ECCP3DELbits   0x000f4c       data     extern E:\3.46\pic18-lt\cxx-framework\src\extended\proc\p18f97j94.asm
                   EECON1   0x000f7f       data     extern E:\3.46\pic18-lt\cxx-framework\src\extended\proc\p18f97j94.asm
               EECON1bits   0x000f7f       data     extern E:\3.46\pic18-lt\cxx-framework\src\extended\proc\p18f97j94.asm
                   EECON2   0x000f7e       data     extern E:\3.46\pic18-lt\cxx-framework\src\extended\proc\p18f97j94.asm
          Error1_Register   0x000d4d       data     extern D:\Backup\Transfer to PC\Be-Shape\Firmware\Sources\main.c
          Error2_Register   0x000d4f       data     extern D:\Backup\Transfer to PC\Be-Shape\Firmware\Sources\main.c
    Errors1_Register_Read   0x000d38       data     extern D:\Backup\Transfer to PC\Be-Shape\Firmware\Sources\main.c
    Errors2_Register_Read   0x000d3b       data     extern D:\Backup\Transfer to PC\Be-Shape\Firmware\Sources\main.c
                     FSR0   0x000fe9       data     extern E:\3.46\pic18-lt\cxx-framework\src\extended\proc\p18f97j94.asm
                    FSR0H   0x000fea       data     extern E:\3.46\pic18-lt\cxx-framework\src\extended\proc\p18f97j94.asm
                    FSR0L   0x000fe9       data     extern E:\3.46\pic18-lt\cxx-framework\src\extended\proc\p18f97j94.asm
                     FSR1   0x000fe1       data     extern E:\3.46\pic18-lt\cxx-framework\src\extended\proc\p18f97j94.asm
                    FSR1H   0x000fe2       data     extern E:\3.46\pic18-lt\cxx-framework\src\extended\proc\p18f97j94.asm
                    FSR1L   0x000fe1       data     extern E:\3.46\pic18-lt\cxx-framework\src\extended\proc\p18f97j94.asm
                     FSR2   0x000fd9       data     extern E:\3.46\pic18-lt\cxx-framework\src\extended\proc\p18f97j94.asm
                    FSR2H   0x000fda       data     extern E:\3.46\pic18-lt\cxx-framework\src\extended\proc\p18f97j94.asm
                    FSR2L   0x000fd9       data     extern E:\3.46\pic18-lt\cxx-framework\src\extended\proc\p18f97j94.asm
Frequency_Measurement_Completed   0x000dd1       data     extern D:\Backup\Transfer to PC\Be-Shape\Firmware\Sources\DDS.c
                  HLVDCON   0x000fa8       data     extern E:\3.46\pic18-lt\cxx-framework\src\extended\proc\p18f97j94.asm
              HLVDCONbits   0x000fa8       data     extern E:\3.46\pic18-lt\cxx-framework\src\extended\proc\p18f97j94.asm
                 HP_LED_1   0x000d0d       data     extern D:\Backup\Transfer to PC\Be-Shape\Firmware\Sources\main.c
                 HP_LED_2   0x000d0e       data     extern D:\Backup\Transfer to PC\Be-Shape\Firmware\Sources\main.c
                 HP_LED_3   0x000d0f       data     extern D:\Backup\Transfer to PC\Be-Shape\Firmware\Sources\main.c
            HP_TEC_ON_OFF   0x000d0c       data     extern D:\Backup\Transfer to PC\Be-Shape\Firmware\Sources\main.c
   Handpiece_5V_3_3V_Read   0x000d34       data     extern D:\Backup\Transfer to PC\Be-Shape\Firmware\Sources\main.c
Handpiece_Control_Register_Read   0x000d2f       data     extern D:\Backup\Transfer to PC\Be-Shape\Firmware\Sources\main.c
Handpiece_Temperature1_Read   0x000d30       data     extern D:\Backup\Transfer to PC\Be-Shape\Firmware\Sources\main.c
Handpiece_Temperature2_Read   0x000d31       data     extern D:\Backup\Transfer to PC\Be-Shape\Firmware\Sources\main.c
Handpiece_Temperature3_Read   0x000d32       data     extern D:\Backup\Transfer to PC\Be-Shape\Firmware\Sources\main.c
Handpiece_Temperature4_Read   0x000d33       data     extern D:\Backup\Transfer to PC\Be-Shape\Firmware\Sources\main.c
                    INDF0   0x000fef       data     extern E:\3.46\pic18-lt\cxx-framework\src\extended\proc\p18f97j94.asm
[...]
                 PSTR1CON   0x000f9c       data     extern E:\3.46\pic18-lt\cxx-framework\src\extended\proc\p18f97j94.asm
                     PIE1   0x000f9d       data     extern E:\3.46\pic18-lt\cxx-framework\src\extended\proc\p18f97j94.asm
                 PIE1bits   0x000f9d       data     extern E:\3.46\pic18-lt\cxx-framework\src\extended\proc\p18f97j94.asm
                     PIR1   0x000f9e       data     extern E:\3.46\pic18-lt\cxx-framework\src\extended\proc\p18f97j94.asm
                 PIR1bits   0x000f9e       data     extern E:\3.46\pic18-lt\cxx-framework\src\extended\proc\p18f97j94.asm
                 IPR1bits   0x000f9f       data     extern E:\3.46\pic18-lt\cxx-framework\src\extended\proc\p18f97j94.asm
                     IPR1   0x000f9f       data     extern E:\3.46\pic18-lt\cxx-framework\src\extended\proc\p18f97j94.asm
                     PIE2   0x000fa0       data     extern E:\3.46\pic18-lt\cxx-framework\src\extended\proc\p18f97j94.asm
                 PIE2bits   0x000fa0       data     extern E:\3.46\pic18-lt\cxx-framework\src\extended\proc\p18f97j94.asm
                     PIR2   0x000fa1       data     extern E:\3.46\pic18-lt\cxx-framework\src\extended\proc\p18f97j94.asm
                 PIR2bits   0x000fa1       data     extern E:\3.46\pic18-lt\cxx-framework\src\extended\proc\p18f97j94.asm
                 IPR2bits   0x000fa2       data     extern E:\3.46\pic18-lt\cxx-framework\src\extended\proc\p18f97j94.asm
                     IPR2   0x000fa2       data     extern E:\3.46\pic18-lt\cxx-framework\src\extended\proc\p18f97j94.asm
                     PIE3   0x000fa3       data     extern E:\3.46\pic18-lt\cxx-framework\src\extended\proc\p18f97j94.asm
                 PIE3bits   0x000fa3       data     extern E:\3.46\pic18-lt\cxx-framework\src\extended\proc\p18f97j94.asm
                 PIR3bits   0x000fa4       data     extern E:\3.46\pic18-lt\cxx-framework\src\extended\proc\p18f97j94.asm
                     PIR3   0x000fa4       data     extern E:\3.46\pic18-lt\cxx-framework\src\extended\proc\p18f97j94.asm
                     IPR3   0x000fa5       data     extern E:\3.46\pic18-lt\cxx-framework\src\extended\proc\p18f97j94.asm
                 IPR3bits   0x000fa5       data     extern E:\3.46\pic18-lt\cxx-framework\src\extended\proc\p18f97j94.asm
                     PIR6   0x000fa6       data     extern E:\3.46\pic18-lt\cxx-framework\src\extended\proc\p18f97j94.asm
                 PIR6bits   0x000fa6       data     extern E:\3.46\pic18-lt\cxx-framework\src\extended\proc\p18f97j94.asm
                   PSPCON   0x000fa7       data     extern E:\3.46\pic18-lt\cxx-framework\src\extended\proc\p18f97j94.asm
               PSPCONbits   0x000fa7       data     extern E:\3.46\pic18-lt\cxx-framework\src\extended\proc\p18f97j94.asm
              HLVDCONbits   0x000fa8       data     extern E:\3.46\pic18-lt\cxx-framework\src\extended\proc\p18f97j94.asm
                  HLVDCON   0x000fa8       data     extern E:\3.46\pic18-lt\cxx-framework\src\extended\proc\p18f97j94.asm
                 IPR6bits   0x000fa9       data     extern E:\3.46\pic18-lt\cxx-framework\src\extended\proc\p18f97j94.asm
                     IPR6   0x000fa9       data     extern E:\3.46\pic18-lt\cxx-framework\src\extended\proc\p18f97j94.asm
               T1GCONbits   0x000faa       data     extern E:\3.46\pic18-lt\cxx-framework\src\extended\proc\p18f97j94.asm
                   T1GCON   0x000faa       data     extern E:\3.46\pic18-lt\cxx-framework\src\extended\proc\p18f97j94.asm
                RCSTAbits   0x000fab       data     extern E:\3.46\pic18-lt\cxx-framework\src\extended\proc\p18f97j94.asm
               RCSTA1bits   0x000fab       data     extern E:\3.46\pic18-lt\cxx-framework\src\extended\proc\p18f97j94.asm
                   RCSTA1   0x000fab       data     extern E:\3.46\pic18-lt\cxx-framework\src\extended\proc\p18f97j94.asm
                    RCSTA   0x000fab       data     extern E:\3.46\pic18-lt\cxx-framework\src\extended\proc\p18f97j94.asm
                    TXSTA   0x000fac       data     extern E:\3.46\pic18-lt\cxx-framework\src\extended\proc\p18f97j94.asm
                   TXSTA1   0x000fac       data     extern E:\3.46\pic18-lt\cxx-framework\src\extended\proc\p18f97j94.asm
               TXSTA1bits   0x000fac       data     extern E:\3.46\pic18-lt\cxx-framework\src\extended\proc\p18f97j94.asm
                TXSTAbits   0x000fac       data     extern E:\3.46\pic18-lt\cxx-framework\src\extended\proc\p18f97j94.asm
                   TXREG1   0x000fad       data     extern E:\3.46\pic18-lt\cxx-framework\src\extended\proc\p18f97j94.asm
                    TXREG   0x000fad       data     extern E:\3.46\pic18-lt\cxx-framework\src\extended\proc\p18f97j94.asm
                   RCREG1   0x000fae       data     extern E:\3.46\pic18-lt\cxx-framework\src\extended\proc\p18f97j94.asm
                    RCREG   0x000fae       data     extern E:\3.46\pic18-lt\cxx-framework\src\extended\proc\p18f97j94.asm
                SPBRGbits   0x000faf       data     extern E:\3.46\pic18-lt\cxx-framework\src\extended\proc\p18f97j94.asm
                    SPBRG   0x000faf       data     extern E:\3.46\pic18-lt\cxx-framework\src\extended\proc\p18f97j94.asm
               SPBRG1bits   0x000faf       data     extern E:\3.46\pic18-lt\cxx-framework\src\extended\proc\p18f97j94.asm
                   SPBRG1   0x000faf       data     extern E:\3.46\pic18-lt\cxx-framework\src\extended\proc\p18f97j94.asm
                   T3GCON   0x000fb0       data     extern E:\3.46\pic18-lt\cxx-framework\src\extended\proc\p18f97j94.asm
               T3GCONbits   0x000fb0       data     extern E:\3.46\pic18-lt\cxx-framework\src\extended\proc\p18f97j94.asm
                    T3CON   0x000fb1       data     extern E:\3.46\pic18-lt\cxx-framework\src\extended\proc\p18f97j94.asm
                T3CONbits   0x000fb1       data     extern E:\3.46\pic18-lt\cxx-framework\src\extended\proc\p18f97j94.asm
                    TMR3L   0x000fb2       data     extern E:\3.46\pic18-lt\cxx-framework\src\extended\proc\p18f97j94.asm
                    TMR3H   0x000fb3       data     extern E:\3.46\pic18-lt\cxx-framework\src\extended\proc\p18f97j94.asm
                 PIE4bits   0x000fb4       data     extern E:\3.46\pic18-lt\cxx-framework\src\extended\proc\p18f97j94.asm
                     PIE4   0x000fb4       data     extern E:\3.46\pic18-lt\cxx-framework\src\extended\proc\p18f97j94.asm
                     PIR4   0x000fb5       data     extern E:\3.46\pic18-lt\cxx-framework\src\extended\proc\p18f97j94.asm
                 PIR4bits   0x000fb5       data     extern E:\3.46\pic18-lt\cxx-framework\src\extended\proc\p18f97j94.asm
                     IPR4   0x000fb6       data     extern E:\3.46\pic18-lt\cxx-framework\src\extended\proc\p18f97j94.asm
                 IPR4bits   0x000fb6       data     extern E:\3.46\pic18-lt\cxx-framework\src\extended\proc\p18f97j94.asm
                     PIE5   0x000fb7       data     extern E:\3.46\pic18-lt\cxx-framework\src\extended\proc\p18f97j94.asm
                 PIE5bits   0x000fb7       data     extern E:\3.46\pic18-lt\cxx-framework\src\extended\proc\p18f97j94.asm
                 PIR5bits   0x000fb8       data     extern E:\3.46\pic18-lt\cxx-framework\src\extended\proc\p18f97j94.asm
                     PIR5   0x000fb8       data     extern E:\3.46\pic18-lt\cxx-framework\src\extended\proc\p18f97j94.asm
                  CCP1CON   0x000fb9       data     extern E:\3.46\pic18-lt\cxx-framework\src\extended\proc\p18f97j94.asm
              CCP1CONbits   0x000fb9       data     extern E:\3.46\pic18-lt\cxx-framework\src\extended\proc\p18f97j94.asm
                    CCPR1   0x000fba       data     extern E:\3.46\pic18-lt\cxx-framework\src\extended\proc\p18f97j94.asm
                   CCPR1L   0x000fba       data     extern E:\3.46\pic18-lt\cxx-framework\src\extended\proc\p18f97j94.asm
                   CCPR1H   0x000fbb       data     extern E:\3.46\pic18-lt\cxx-framework\src\extended\proc\p18f97j94.asm
             ECCP1DELbits   0x000fbc       data     extern E:\3.46\pic18-lt\cxx-framework\src\extended\proc\p18f97j94.asm
                 ECCP1DEL   0x000fbc       data     extern E:\3.46\pic18-lt\cxx-framework\src\extended\proc\p18f97j94.asm
              ECCP1ASbits   0x000fbd       data     extern E:\3.46\pic18-lt\cxx-framework\src\extended\proc\p18f97j94.asm
                  ECCP1AS   0x000fbd       data     extern E:\3.46\pic18-lt\cxx-framework\src\extended\proc\p18f97j94.asm
                  CVRCONL   0x000fbe       data     extern E:\3.46\pic18-lt\cxx-framework\src\extended\proc\p18f97j94.asm
              CVRCONLbits   0x000fbe       data     extern E:\3.46\pic18-lt\cxx-framework\src\extended\proc\p18f97j94.asm
              CVRCONHbits   0x000fbf       data     extern E:\3.46\pic18-lt\cxx-framework\src\extended\proc\p18f97j94.asm
                  CVRCONH   0x000fbf       data     extern E:\3.46\pic18-lt\cxx-framework\src\extended\proc\p18f97j94.asm
                  ADCON1L   0x000fc0       data     extern E:\3.46\pic18-lt\cxx-framework\src\extended\proc\p18f97j94.asm
              ADCON1Lbits   0x000fc0       data     extern E:\3.46\pic18-lt\cxx-framework\src\extended\proc\p18f97j94.asm
                  ADCON1H   0x000fc1       data     extern E:\3.46\pic18-lt\cxx-framework\src\extended\proc\p18f97j94.asm
              ADCON1Hbits   0x000fc1       data     extern E:\3.46\pic18-lt\cxx-framework\src\extended\proc\p18f97j94.asm
                  ADCBUF0   0x000fc2       data     extern E:\3.46\pic18-lt\cxx-framework\src\extended\proc\p18f97j94.asm
                 ADCBUF0L   0x000fc2       data     extern E:\3.46\pic18-lt\cxx-framework\src\extended\proc\p18f97j94.asm
                 ADCBUF0H   0x000fc3       data     extern E:\3.46\pic18-lt\cxx-framework\src\extended\proc\p18f97j94.asm
                   CMSTAT   0x000fc4       data     extern E:\3.46\pic18-lt\cxx-framework\src\extended\proc\p18f97j94.asm
               CMSTATbits   0x000fc4       data     extern E:\3.46\pic18-lt\cxx-framework\src\extended\proc\p18f97j94.asm
                 SSP1CON2   0x000fc5       data     extern E:\3.46\pic18-lt\cxx-framework\src\extended\proc\p18f97j94.asm
             SSP1CON2bits   0x000fc5       data     extern E:\3.46\pic18-lt\cxx-framework\src\extended\proc\p18f97j94.asm
                 SSP1CON1   0x000fc6       data     extern E:\3.46\pic18-lt\cxx-framework\src\extended\proc\p18f97j94.asm
             SSP1CON1bits   0x000fc6       data     extern E:\3.46\pic18-lt\cxx-framework\src\extended\proc\p18f97j94.asm
                 SSP1STAT   0x000fc7       data     extern E:\3.46\pic18-lt\cxx-framework\src\extended\proc\p18f97j94.asm
             SSP1STATbits   0x000fc7       data     extern E:\3.46\pic18-lt\cxx-framework\src\extended\proc\p18f97j94.asm
                  SSP1ADD   0x000fc8       data     extern E:\3.46\pic18-lt\cxx-framework\src\extended\proc\p18f97j94.asm
                  SSP1BUF   0x000fc9       data     extern E:\3.46\pic18-lt\cxx-framework\src\extended\proc\p18f97j94.asm
                T2CONbits   0x000fca       data     extern E:\3.46\pic18-lt\cxx-framework\src\extended\proc\p18f97j94.asm
                    T2CON   0x000fca       data     extern E:\3.46\pic18-lt\cxx-framework\src\extended\proc\p18f97j94.asm
                      PR2   0x000fcb       data     extern E:\3.46\pic18-lt\cxx-framework\src\extended\proc\p18f97j94.asm
                     TMR2   0x000fcc       data     extern E:\3.46\pic18-lt\cxx-framework\src\extended\proc\p18f97j94.asm
                T1CONbits   0x000fcd       data     extern E:\3.46\pic18-lt\cxx-framework\src\extended\proc\p18f97j94.asm
                    T1CON   0x000fcd       data     extern E:\3.46\pic18-lt\cxx-framework\src\extended\proc\p18f97j94.asm
                    TMR1L   0x000fce       data     extern E:\3.46\pic18-lt\cxx-framework\src\extended\proc\p18f97j94.asm
                    TMR1H   0x000fcf       data     extern E:\3.46\pic18-lt\cxx-framework\src\extended\proc\p18f97j94.asm
                     RCON   0x000fd0       data     extern E:\3.46\pic18-lt\cxx-framework\src\extended\proc\p18f97j94.asm
                 RCONbits   0x000fd0       data     extern E:\3.46\pic18-lt\cxx-framework\src\extended\proc\p18f97j94.asm
                 IOCFbits   0x000fd1       data     extern E:\3.46\pic18-lt\cxx-framework\src\extended\proc\p18f97j94.asm
                     IOCF   0x000fd1       data     extern E:\3.46\pic18-lt\cxx-framework\src\extended\proc\p18f97j94.asm
                 IPR5bits   0x000fd2       data     extern E:\3.46\pic18-lt\cxx-framework\src\extended\proc\p18f97j94.asm
                     IPR5   0x000fd2       data     extern E:\3.46\pic18-lt\cxx-framework\src\extended\proc\p18f97j94.asm
                   OSCCON   0x000fd3       data     extern E:\3.46\pic18-lt\cxx-framework\src\extended\proc\p18f97j94.asm
               OSCCONbits   0x000fd3       data     extern E:\3.46\pic18-lt\cxx-framework\src\extended\proc\p18f97j94.asm
                    T0CON   0x000fd5       data     extern E:\3.46\pic18-lt\cxx-framework\src\extended\proc\p18f97j94.asm
                T0CONbits   0x000fd5       data     extern E:\3.46\pic18-lt\cxx-framework\src\extended\proc\p18f97j94.asm
                    TMR0L   0x000fd6       data     extern E:\3.46\pic18-lt\cxx-framework\src\extended\proc\p18f97j94.asm
                    TMR0H   0x000fd7       data     extern E:\3.46\pic18-lt\cxx-framework\src\extended\proc\p18f97j94.asm
               STATUSbits   0x000fd8       data     extern E:\3.46\pic18-lt\cxx-framework\src\extended\proc\p18f97j94.asm
                   STATUS   0x000fd8       data     extern E:\3.46\pic18-lt\cxx-framework\src\extended\proc\p18f97j94.asm
                     FSR2   0x000fd9       data     extern E:\3.46\pic18-lt\cxx-framework\src\extended\proc\p18f97j94.asm
                    FSR2L   0x000fd9       data     extern E:\3.46\pic18-lt\cxx-framework\src\extended\proc\p18f97j94.asm
                    FSR2H   0x000fda       data     extern E:\3.46\pic18-lt\cxx-framework\src\extended\proc\p18f97j94.asm
                   PLUSW2   0x000fdb       data     extern E:\3.46\pic18-lt\cxx-framework\src\extended\proc\p18f97j94.asm
                  PREINC2   0x000fdc       data     extern E:\3.46\pic18-lt\cxx-framework\src\extended\proc\p18f97j94.asm
                 POSTDEC2   0x000fdd       data     extern E:\3.46\pic18-lt\cxx-framework\src\extended\proc\p18f97j94.asm
                 POSTINC2   0x000fde       data     extern E:\3.46\pic18-lt\cxx-framework\src\extended\proc\p18f97j94.asm
                    INDF2   0x000fdf       data     extern E:\3.46\pic18-lt\cxx-framework\src\extended\proc\p18f97j94.asm
                      BSR   0x000fe0       data     extern E:\3.46\pic18-lt\cxx-framework\src\extended\proc\p18f97j94.asm
                    FSR1L   0x000fe1       data     extern E:\3.46\pic18-lt\cxx-framework\src\extended\proc\p18f97j94.asm
                     FSR1   0x000fe1       data     extern E:\3.46\pic18-lt\cxx-framework\src\extended\proc\p18f97j94.asm
                    FSR1H   0x000fe2       data     extern E:\3.46\pic18-lt\cxx-framework\src\extended\proc\p18f97j94.asm
                   PLUSW1   0x000fe3       data     extern E:\3.46\pic18-lt\cxx-framework\src\extended\proc\p18f97j94.asm
                  PREINC1   0x000fe4       data     extern E:\3.46\pic18-lt\cxx-framework\src\extended\proc\p18f97j94.asm
                 POSTDEC1   0x000fe5       data     extern E:\3.46\pic18-lt\cxx-framework\src\extended\proc\p18f97j94.asm
                 POSTINC1   0x000fe6       data     extern E:\3.46\pic18-lt\cxx-framework\src\extended\proc\p18f97j94.asm
                    INDF1   0x000fe7       data     extern E:\3.46\pic18-lt\cxx-framework\src\extended\proc\p18f97j94.asm
                     WREG   0x000fe8       data     extern E:\3.46\pic18-lt\cxx-framework\src\extended\proc\p18f97j94.asm
                     FSR0   0x000fe9       data     extern E:\3.46\pic18-lt\cxx-framework\src\extended\proc\p18f97j94.asm
                    FSR0L   0x000fe9       data     extern E:\3.46\pic18-lt\cxx-framework\src\extended\proc\p18f97j94.asm
                    FSR0H   0x000fea       data     extern E:\3.46\pic18-lt\cxx-framework\src\extended\proc\p18f97j94.asm
                   PLUSW0   0x000feb       data     extern E:\3.46\pic18-lt\cxx-framework\src\extended\proc\p18f97j94.asm
                  PREINC0   0x000fec       data     extern E:\3.46\pic18-lt\cxx-framework\src\extended\proc\p18f97j94.asm
                 POSTDEC0   0x000fed       data     extern E:\3.46\pic18-lt\cxx-framework\src\extended\proc\p18f97j94.asm
                 POSTINC0   0x000fee       data     extern E:\3.46\pic18-lt\cxx-framework\src\extended\proc\p18f97j94.asm
                    INDF0   0x000fef       data     extern E:\3.46\pic18-lt\cxx-framework\src\extended\proc\p18f97j94.asm
              INTCON3bits   0x000ff0       data     extern E:\3.46\pic18-lt\cxx-framework\src\extended\proc\p18f97j94.asm
                  INTCON3   0x000ff0       data     extern E:\3.46\pic18-lt\cxx-framework\src\extended\proc\p18f97j94.asm
              INTCON2bits   0x000ff1       data     extern E:\3.46\pic18-lt\cxx-framework\src\extended\proc\p18f97j94.asm
                  INTCON2   0x000ff1       data     extern E:\3.46\pic18-lt\cxx-framework\src\extended\proc\p18f97j94.asm
                   INTCON   0x000ff2       data     extern E:\3.46\pic18-lt\cxx-framework\src\extended\proc\p18f97j94.asm
               INTCONbits   0x000ff2       data     extern E:\3.46\pic18-lt\cxx-framework\src\extended\proc\p18f97j94.asm
                     PROD   0x000ff3       data     extern E:\3.46\pic18-lt\cxx-framework\src\extended\proc\p18f97j94.asm
                    PRODL   0x000ff3       data     extern E:\3.46\pic18-lt\cxx-framework\src\extended\proc\p18f97j94.asm
                    PRODH   0x000ff4       data     extern E:\3.46\pic18-lt\cxx-framework\src\extended\proc\p18f97j94.asm
                   TABLAT   0x000ff5       data     extern E:\3.46\pic18-lt\cxx-framework\src\extended\proc\p18f97j94.asm
                  TBLPTRL   0x000ff6       data     extern E:\3.46\pic18-lt\cxx-framework\src\extended\proc\p18f97j94.asm
                   TBLPTR   0x000ff6       data     extern E:\3.46\pic18-lt\cxx-framework\src\extended\proc\p18f97j94.asm
                  TBLPTRH   0x000ff7       data     extern E:\3.46\pic18-lt\cxx-framework\src\extended\proc\p18f97j94.asm
                  TBLPTRU   0x000ff8       data     extern E:\3.46\pic18-lt\cxx-framework\src\extended\proc\p18f97j94.asm
                       PC   0x000ff9       data     extern E:\3.46\pic18-lt\cxx-framework\src\extended\proc\p18f97j94.asm
                      PCL   0x000ff9       data     extern E:\3.46\pic18-lt\cxx-framework\src\extended\proc\p18f97j94.asm
                   PCLATH   0x000ffa       data     extern E:\3.46\pic18-lt\cxx-framework\src\extended\proc\p18f97j94.asm
                   PCLATU   0x000ffb       data     extern E:\3.46\pic18-lt\cxx-framework\src\extended\proc\p18f97j94.asm
                   STKPTR   0x000ffc       data     extern E:\3.46\pic18-lt\cxx-framework\src\extended\proc\p18f97j94.asm
               STKPTRbits   0x000ffc       data     extern E:\3.46\pic18-lt\cxx-framework\src\extended\proc\p18f97j94.asm
                      TOS   0x000ffd       data     extern E:\3.46\pic18-lt\cxx-framework\src\extended\proc\p18f97j94.asm
                     TOSL   0x000ffd       data     extern E:\3.46\pic18-lt\cxx-framework\src\extended\proc\p18f97j94.asm
                     TOSH   0x000ffe       data     extern E:\3.46\pic18-lt\cxx-framework\src\extended\proc\p18f97j94.asm
                     TOSU   0x000fff       data     extern E:\3.46\pic18-lt\cxx-framework\src\extended\proc\p18f97j94.asm


